// Jest Snapshot v1, https://goo.gl/fbAQLP

exports[`CheckboxQuestion should render component successfully 1`] = `
<fieldset
  class="MuiFormControl-root MuiFormControl-marginNormal MuiFormControl-fullWidth css-198mkhu-MuiFormControl-root"
  data-testid="checkbox-with-textarea-form-control-989402f0-9fda-4400-958c-2d6c7bce9821"
>
  <legend
    class="MuiFormLabel-root MuiFormLabel-colorPrimary css-16k4sf8-MuiFormLabel-root"
    data-testid="checkbox-with-textarea-form-label-989402f0-9fda-4400-958c-2d6c7bce9821"
  >
    <p
      class="MuiTypography-root MuiTypography-body1 css-1au4tcm-MuiTypography-root"
      data-testid="question-text-bf2b8e40-5a77-4eac-a0ea-ba8af97a5d67"
    >
      What are your skills and experiences?
    </p>
  </legend>
  <div
    class="MuiFormGroup-root css-1aqk0pa-MuiFormGroup-root"
  >
    <label
      class="MuiFormControlLabel-root MuiFormControlLabel-labelPlacementEnd css-1jbxyga-MuiFormControlLabel-root"
    >
      <span
        class="MuiButtonBase-root MuiCheckbox-root MuiCheckbox-colorPrimary MuiCheckbox-sizeMedium PrivateSwitchBase-root MuiCheckbox-root MuiCheckbox-colorPrimary MuiCheckbox-sizeMedium Mui-checked MuiCheckbox-root MuiCheckbox-colorPrimary MuiCheckbox-sizeMedium css-r3m1bu-MuiButtonBase-root-MuiCheckbox-root"
        data-testid="checkbox-with-textarea-checkbox-option-989402f0-9fda-4400-958c-2d6c7bce9821"
      >
        <input
          checked=""
          class="PrivateSwitchBase-input css-1m9pwf3"
          data-indeterminate="false"
          type="checkbox"
        />
        <svg
          aria-hidden="true"
          class="MuiSvgIcon-root MuiSvgIcon-fontSizeMedium css-etbowg-MuiSvgIcon-root"
          data-testid="CheckBoxIcon"
          focusable="false"
          viewBox="0 0 24 24"
        >
          <path
            d="M19 3H5c-1.11 0-2 .9-2 2v14c0 1.1.89 2 2 2h14c1.11 0 2-.9 2-2V5c0-1.1-.89-2-2-2zm-9 14l-5-5 1.41-1.41L10 14.17l7.59-7.59L19 8l-9 9z"
          />
        </svg>
        <span
          class="MuiTouchRipple-root css-8je8zh-MuiTouchRipple-root"
        />
      </span>
      <span
        class="MuiTypography-root MuiTypography-body1 MuiFormControlLabel-label css-7xnq80-MuiTypography-root"
      >
        JavaScript
      </span>
    </label>
    <label
      class="MuiFormControlLabel-root MuiFormControlLabel-labelPlacementEnd css-1jbxyga-MuiFormControlLabel-root"
    >
      <span
        class="MuiButtonBase-root MuiCheckbox-root MuiCheckbox-colorPrimary MuiCheckbox-sizeMedium PrivateSwitchBase-root MuiCheckbox-root MuiCheckbox-colorPrimary MuiCheckbox-sizeMedium Mui-checked MuiCheckbox-root MuiCheckbox-colorPrimary MuiCheckbox-sizeMedium css-r3m1bu-MuiButtonBase-root-MuiCheckbox-root"
        data-testid="checkbox-with-textarea-checkbox-option-989402f0-9fda-4400-958c-2d6c7bce9821"
      >
        <input
          checked=""
          class="PrivateSwitchBase-input css-1m9pwf3"
          data-indeterminate="false"
          type="checkbox"
        />
        <svg
          aria-hidden="true"
          class="MuiSvgIcon-root MuiSvgIcon-fontSizeMedium css-etbowg-MuiSvgIcon-root"
          data-testid="CheckBoxIcon"
          focusable="false"
          viewBox="0 0 24 24"
        >
          <path
            d="M19 3H5c-1.11 0-2 .9-2 2v14c0 1.1.89 2 2 2h14c1.11 0 2-.9 2-2V5c0-1.1-.89-2-2-2zm-9 14l-5-5 1.41-1.41L10 14.17l7.59-7.59L19 8l-9 9z"
          />
        </svg>
        <span
          class="MuiTouchRipple-root css-8je8zh-MuiTouchRipple-root"
        />
      </span>
      <span
        class="MuiTypography-root MuiTypography-body1 MuiFormControlLabel-label css-7xnq80-MuiTypography-root"
      >
        React
      </span>
    </label>
    <label
      class="MuiFormControlLabel-root MuiFormControlLabel-labelPlacementEnd css-1jbxyga-MuiFormControlLabel-root"
    >
      <span
        class="MuiButtonBase-root MuiCheckbox-root MuiCheckbox-colorPrimary MuiCheckbox-sizeMedium PrivateSwitchBase-root MuiCheckbox-root MuiCheckbox-colorPrimary MuiCheckbox-sizeMedium MuiCheckbox-root MuiCheckbox-colorPrimary MuiCheckbox-sizeMedium css-r3m1bu-MuiButtonBase-root-MuiCheckbox-root"
        data-testid="checkbox-with-textarea-checkbox-option-989402f0-9fda-4400-958c-2d6c7bce9821"
      >
        <input
          class="PrivateSwitchBase-input css-1m9pwf3"
          data-indeterminate="false"
          type="checkbox"
        />
        <svg
          aria-hidden="true"
          class="MuiSvgIcon-root MuiSvgIcon-fontSizeMedium css-etbowg-MuiSvgIcon-root"
          data-testid="CheckBoxOutlineBlankIcon"
          focusable="false"
          viewBox="0 0 24 24"
        >
          <path
            d="M19 5v14H5V5h14m0-2H5c-1.1 0-2 .9-2 2v14c0 1.1.9 2 2 2h14c1.1 0 2-.9 2-2V5c0-1.1-.9-2-2-2z"
          />
        </svg>
        <span
          class="MuiTouchRipple-root css-8je8zh-MuiTouchRipple-root"
        />
      </span>
      <span
        class="MuiTypography-root MuiTypography-body1 MuiFormControlLabel-label css-7xnq80-MuiTypography-root"
      >
        TypeScript
      </span>
    </label>
    <label
      class="MuiFormControlLabel-root MuiFormControlLabel-labelPlacementEnd css-1jbxyga-MuiFormControlLabel-root"
    >
      <span
        class="MuiButtonBase-root MuiCheckbox-root MuiCheckbox-colorPrimary MuiCheckbox-sizeMedium PrivateSwitchBase-root MuiCheckbox-root MuiCheckbox-colorPrimary MuiCheckbox-sizeMedium MuiCheckbox-root MuiCheckbox-colorPrimary MuiCheckbox-sizeMedium css-r3m1bu-MuiButtonBase-root-MuiCheckbox-root"
        data-testid="checkbox-with-textarea-checkbox-option-989402f0-9fda-4400-958c-2d6c7bce9821"
      >
        <input
          class="PrivateSwitchBase-input css-1m9pwf3"
          data-indeterminate="false"
          type="checkbox"
        />
        <svg
          aria-hidden="true"
          class="MuiSvgIcon-root MuiSvgIcon-fontSizeMedium css-etbowg-MuiSvgIcon-root"
          data-testid="CheckBoxOutlineBlankIcon"
          focusable="false"
          viewBox="0 0 24 24"
        >
          <path
            d="M19 5v14H5V5h14m0-2H5c-1.1 0-2 .9-2 2v14c0 1.1.9 2 2 2h14c1.1 0 2-.9 2-2V5c0-1.1-.9-2-2-2z"
          />
        </svg>
        <span
          class="MuiTouchRipple-root css-8je8zh-MuiTouchRipple-root"
        />
      </span>
      <span
        class="MuiTypography-root MuiTypography-body1 MuiFormControlLabel-label css-7xnq80-MuiTypography-root"
      >
        Node.js
      </span>
    </label>
  </div>
  <div
    class="MuiFormControl-root MuiFormControl-fullWidth MuiTextField-root css-vg49q3-MuiFormControl-root-MuiTextField-root"
  >
    <div
      class="MuiInputBase-root MuiOutlinedInput-root MuiInputBase-colorPrimary MuiInputBase-fullWidth Mui-focused MuiInputBase-formControl MuiInputBase-multiline css-voxow3-MuiInputBase-root-MuiOutlinedInput-root"
    >
      <textarea
        aria-invalid="false"
        class="MuiInputBase-input MuiOutlinedInput-input MuiInputBase-inputMultiline css-cmpe59-MuiInputBase-input-MuiOutlinedInput-input"
        data-testid="comment-text-field-ab74a074-67f6-4a8a-b2b2-a582d1d56c9c"
        id=":r0:"
        rows="3"
        style="height: 0px; overflow: hidden;"
      >
        I have experience with JavaScript and React
      </textarea>
      <textarea
        aria-hidden="true"
        class="MuiInputBase-input MuiOutlinedInput-input MuiInputBase-inputMultiline css-cmpe59-MuiInputBase-input-MuiOutlinedInput-input"
        readonly=""
        style="visibility: hidden; position: absolute; overflow: hidden; height: 0px; top: 0px; left: 0px; transform: translateZ(0); padding-top: 0px; padding-bottom: 0px; width: 100%;"
        tabindex="-1"
      />
      <fieldset
        aria-hidden="true"
        class="MuiOutlinedInput-notchedOutline css-1d3z3hw-MuiOutlinedInput-notchedOutline"
      >
        <legend
          class="css-ihdtdm"
        >
          <span
            class="notranslate"
          >
            â€‹
          </span>
        </legend>
      </fieldset>
    </div>
  </div>
</fieldset>
`;
