// Jest Snapshot v1, https://goo.gl/fbAQLP

exports[`FeedbackForm should render component successfully 1`] = `
<div
  class="MuiDialog-root MuiModal-root css-1hldcek-MuiModal-root-MuiDialog-root"
  data-testid="feedback-form-dialog-c6ba52ec-c1de-46ac-950b-f5354c6785ac"
  role="presentation"
>
  <div
    aria-hidden="true"
    class="MuiBackdrop-root MuiModal-backdrop css-yiavyu-MuiBackdrop-root-MuiDialog-backdrop"
    style="opacity: 1; webkit-transition: opacity 225ms cubic-bezier(0.4, 0, 0.2, 1) 0ms; transition: opacity 225ms cubic-bezier(0.4, 0, 0.2, 1) 0ms;"
  />
  <div
    data-testid="sentinelStart"
    tabindex="0"
  />
  <div
    class="MuiDialog-container MuiDialog-scrollPaper css-hz1bth-MuiDialog-container"
    role="presentation"
    style="opacity: 1; webkit-transition: opacity 225ms cubic-bezier(0.4, 0, 0.2, 1) 0ms; transition: opacity 225ms cubic-bezier(0.4, 0, 0.2, 1) 0ms;"
    tabindex="-1"
  >
    <div
      aria-labelledby=":r0:"
      class="MuiPaper-root MuiPaper-elevation MuiPaper-rounded MuiPaper-elevation24 MuiDialog-paper MuiDialog-paperScrollPaper MuiDialog-paperWidthSm MuiDialog-paperFullWidth css-dmoqe9-MuiPaper-root-MuiDialog-paper"
      role="dialog"
    >
      <div
        class="MuiTypography-root MuiTypography-h2 MuiDialogTitle-root css-1l7du2y-MuiTypography-root-MuiDialogTitle-root"
        id=":r0:"
      >
        <h3
          class="MuiTypography-root MuiTypography-h3 css-xcrvgq-MuiTypography-root"
          data-testid="feedback-form-dialog-title-c6ba52ec-c1de-46ac-950b-f5354c6785ac"
        >
          Help us improve!
        </h3>
        <button
          class="MuiButtonBase-root MuiIconButton-root MuiIconButton-colorPrimary MuiIconButton-sizeMedium css-14ql4g7-MuiButtonBase-root-MuiIconButton-root"
          data-testid="feedback-form-dialog-button-c6ba52ec-c1de-46ac-950b-f5354c6785ac"
          tabindex="0"
          title="close feedback form"
          type="button"
        >
          <svg
            aria-hidden="true"
            class="MuiSvgIcon-root MuiSvgIcon-fontSizeMedium css-etbowg-MuiSvgIcon-root"
            data-testid="feedback-form-dialog-icon-button-c6ba52ec-c1de-46ac-950b-f5354c6785ac"
            focusable="false"
            viewBox="0 0 24 24"
          >
            <path
              d="M19 6.41 17.59 5 12 10.59 6.41 5 5 6.41 10.59 12 5 17.59 6.41 19 12 13.41 17.59 19 19 17.59 13.41 12z"
            />
          </svg>
          <span
            class="MuiTouchRipple-root css-8je8zh-MuiTouchRipple-root"
          />
        </button>
      </div>
      <div
        class="MuiDialogContent-root css-h86owe-MuiDialogContent-root"
        data-testid="feedback-form-dialog-content-c6ba52ec-c1de-46ac-950b-f5354c6785ac"
      >
        <div
          data-testid="feedback-form-content-07d1ed9d-6ced-4a24-912a-9b89199df67f"
        />
      </div>
    </div>
  </div>
  <div
    data-testid="sentinelEnd"
    tabindex="0"
  />
</div>
`;
