// Jest Snapshot v1, https://goo.gl/fbAQLP

exports[`ConfirmModalDialog should render component correctly 1`] = `
<div
  class="MuiDialog-root MuiModal-root css-zw3mfo-MuiModal-root-MuiDialog-root"
  data-testid="confirm-modal-edc0ac15-67a7-4c1f-9934-94fa65757046"
  role="presentation"
>
  <div
    aria-hidden="true"
    class="MuiBackdrop-root MuiModal-backdrop css-yiavyu-MuiBackdrop-root-MuiDialog-backdrop"
    style="opacity: 1; webkit-transition: opacity 225ms cubic-bezier(0.4, 0, 0.2, 1) 0ms; transition: opacity 225ms cubic-bezier(0.4, 0, 0.2, 1) 0ms;"
  />
  <div
    data-testid="sentinelStart"
    tabindex="0"
  />
  <div
    class="MuiDialog-container MuiDialog-scrollPaper css-hz1bth-MuiDialog-container"
    role="presentation"
    style="opacity: 1; webkit-transition: opacity 225ms cubic-bezier(0.4, 0, 0.2, 1) 0ms; transition: opacity 225ms cubic-bezier(0.4, 0, 0.2, 1) 0ms;"
    tabindex="-1"
  >
    <div
      aria-labelledby="confirm-modal"
      class="MuiPaper-root MuiPaper-elevation MuiPaper-rounded MuiPaper-elevation24 MuiDialog-paper MuiDialog-paperScrollPaper MuiDialog-paperWidthSm css-3kkgai-MuiPaper-root-MuiDialog-paper"
      role="dialog"
    >
      <h2
        class="MuiTypography-root MuiTypography-h2 MuiDialogTitle-root css-f196o7-MuiTypography-root-MuiDialogTitle-root"
        data-testid="confirm-modal-title-edc0ac15-67a7-4c1f-9934-94fa65757046"
        id="confirm-modal-title"
      >
        <span
          class="MuiTypography-root MuiTypography-h6 css-1o3m3rb-MuiTypography-root"
        >
          Sample Title?
        </span>
      </h2>
      <div
        class="MuiDialogContent-root css-8jfn0p-MuiDialogContent-root"
        data-testid="confirm-modal-content-edc0ac15-67a7-4c1f-9934-94fa65757046"
      >
        This is a sample body text for the ConfirmModalDialog component.
        <br />
        <br />
        Please confirm your action.
      </div>
      <div
        class="MuiDialogActions-root MuiDialogActions-spacing css-9xw8iw-MuiDialogActions-root"
      >
        <button
          class="MuiButtonBase-root MuiButton-root MuiButton-text MuiButton-textPrimary MuiButton-sizeMedium MuiButton-textSizeMedium MuiButton-colorPrimary MuiButton-disableElevation MuiButton-root MuiButton-text MuiButton-textPrimary MuiButton-sizeMedium MuiButton-textSizeMedium MuiButton-colorPrimary MuiButton-disableElevation css-187exs5-MuiButtonBase-root-MuiButton-root"
          data-testid="confirm-modal-cancel-edc0ac15-67a7-4c1f-9934-94fa65757046"
          tabindex="0"
          type="button"
        >
          Cancel
          <span
            class="MuiTouchRipple-root css-8je8zh-MuiTouchRipple-root"
          />
        </button>
        <button
          class="MuiButtonBase-root MuiButton-root MuiButton-contained MuiButton-containedPrimary MuiButton-sizeMedium MuiButton-containedSizeMedium MuiButton-colorPrimary MuiButton-disableElevation MuiButton-root MuiButton-contained MuiButton-containedPrimary MuiButton-sizeMedium MuiButton-containedSizeMedium MuiButton-colorPrimary MuiButton-disableElevation css-fph7a5-MuiButtonBase-root-MuiButton-root"
          data-testid="confirm-modal-confirm-edc0ac15-67a7-4c1f-9934-94fa65757046"
          tabindex="0"
          type="button"
        >
          Confirm
          <span
            class="MuiTouchRipple-root css-8je8zh-MuiTouchRipple-root"
          />
        </button>
      </div>
    </div>
  </div>
  <div
    data-testid="sentinelEnd"
    tabindex="0"
  />
</div>
`;
