// Jest Snapshot v1, https://goo.gl/fbAQLP

exports[`ExperiencesDrawer should render ExperiencesDrawer correctly 1`] = `
<div
  class="MuiDrawer-root MuiDrawer-modal MuiModal-root css-1u2w381-MuiModal-root-MuiDrawer-root"
  data-testid="experiences-drawer-container-df5ab5c0-a109-4b6d-ba3f-a46975e5511b"
  role="presentation"
>
  <div
    aria-hidden="true"
    class="MuiBackdrop-root MuiModal-backdrop css-i9fmh8-MuiBackdrop-root-MuiModal-backdrop"
    style="opacity: 1; webkit-transition: opacity 225ms cubic-bezier(0.4, 0, 0.2, 1) 0ms; transition: opacity 225ms cubic-bezier(0.4, 0, 0.2, 1) 0ms;"
  />
  <div
    data-testid="sentinelStart"
    tabindex="0"
  />
  <div
    class="MuiPaper-root MuiPaper-elevation MuiPaper-elevation16 MuiDrawer-paper MuiDrawer-paperAnchorRight css-y9p2q9-MuiPaper-root-MuiDrawer-paper"
    tabindex="-1"
  >
    <div
      class="MuiBox-root css-jxaf0q"
      data-testid="experiences-drawer-header-container-4d3ec79b-1a39-4f4b-9c4a-354a5464a253"
    >
      <h5
        class="MuiTypography-root MuiTypography-h5 css-1rn8ty8-MuiTypography-root"
      >
        Experiences and Skills
      </h5>
      <button
        class="MuiButtonBase-root MuiIconButton-root MuiIconButton-colorPrimary MuiIconButton-sizeMedium css-1j68g3m-MuiButtonBase-root-MuiIconButton-root"
        data-testid="experiences-drawer-header-button-4d3ec79b-1a39-4f4b-9c4a-354a5464a253"
        tabindex="0"
        title="Close experiences"
        type="button"
      >
        <svg
          aria-hidden="true"
          class="MuiSvgIcon-root MuiSvgIcon-fontSizeMedium css-etbowg-MuiSvgIcon-root"
          data-testid="experiences-drawer-header-icon-4d3ec79b-1a39-4f4b-9c4a-354a5464a253"
          focusable="false"
          viewBox="0 0 24 24"
        >
          <path
            d="M19 6.41 17.59 5 12 10.59 6.41 5 5 6.41 10.59 12 5 17.59 6.41 19 12 13.41 17.59 19 19 17.59 13.41 12z"
          />
        </svg>
        <span
          class="MuiTouchRipple-root css-8je8zh-MuiTouchRipple-root"
        />
      </button>
    </div>
    <div
      class="MuiBox-root css-yj95vr"
    >
      <div
        class="MuiBox-root css-s3oanr"
      >
        <div
          data-testid="mock-DownloadReportDropdown"
        />
      </div>
      <div
        class="MuiPaper-root MuiPaper-elevation MuiPaper-rounded MuiPaper-elevation1 MuiAccordion-root MuiAccordion-rounded MuiAccordion-gutters css-1lu2ztt-MuiPaper-root-MuiAccordion-root"
        data-testid="custom-accordion-container-34d24bf6-1b9b-40f1-93b3-baf68ab03da4"
      >
        <div
          class="MuiBox-root css-70qvj9"
        >
          <div
            aria-controls="panel-content"
            aria-expanded="false"
            class="MuiButtonBase-root MuiAccordionSummary-root MuiAccordionSummary-gutters css-16newb5-MuiButtonBase-root-MuiAccordionSummary-root"
            data-testid="custom-accordion-summary-34d24bf6-1b9b-40f1-93b3-baf68ab03da4"
            id="panel-header"
            role="button"
            tabindex="0"
          >
            <div
              class="MuiAccordionSummary-content MuiAccordionSummary-contentGutters css-eqpfi5-MuiAccordionSummary-content"
            >
              <p
                class="MuiTypography-root MuiTypography-body1 css-1wdfbkk-MuiTypography-root"
              >
                Personal Information
              </p>
            </div>
            <div
              class="MuiAccordionSummary-expandIconWrapper css-yw020d-MuiAccordionSummary-expandIconWrapper"
            >
              <svg
                aria-hidden="true"
                class="MuiSvgIcon-root MuiSvgIcon-fontSizeMedium css-etbowg-MuiSvgIcon-root"
                data-testid="ExpandMoreIcon"
                focusable="false"
                viewBox="0 0 24 24"
              >
                <path
                  d="M16.59 8.59 12 13.17 7.41 8.59 6 10l6 6 6-6z"
                />
              </svg>
            </div>
          </div>
          <button
            aria-label="help"
            class="MuiButtonBase-root MuiIconButton-root MuiIconButton-sizeMedium css-1bmk3sv-MuiButtonBase-root-MuiIconButton-root"
            data-mui-internal-clone-element="true"
            data-testid="help-icon-4b757f12-fb67-4a59-94b1-b8a2498a7a49"
            tabindex="0"
            type="button"
          >
            <svg
              aria-hidden="true"
              class="MuiSvgIcon-root MuiSvgIcon-fontSizeMedium css-etbowg-MuiSvgIcon-root"
              data-testid="PrivacyTipIcon"
              focusable="false"
              viewBox="0 0 24 24"
            >
              <path
                d="M12 1 3 5v6c0 5.55 3.84 10.74 9 12 5.16-1.26 9-6.45 9-12V5zm-1 6h2v2h-2zm0 4h2v6h-2z"
              />
            </svg>
            <span
              class="MuiTouchRipple-root css-8je8zh-MuiTouchRipple-root"
            />
          </button>
        </div>
        <div
          class="MuiCollapse-root MuiCollapse-vertical MuiCollapse-hidden css-bz4dnt-MuiCollapse-root"
          style="min-height: 0px;"
        >
          <div
            class="MuiCollapse-wrapper MuiCollapse-vertical css-smkl36-MuiCollapse-wrapper"
          >
            <div
              class="MuiCollapse-wrapperInner MuiCollapse-vertical css-9l5vo-MuiCollapse-wrapperInner"
            >
              <div
                class="MuiAccordion-region"
                role="region"
              >
                <div
                  class="MuiAccordionDetails-root css-1w3q3li-MuiAccordionDetails-root"
                  data-testid="custom-accordion-details-34d24bf6-1b9b-40f1-93b3-baf68ab03da4"
                >
                  <input
                    aria-label="Name:"
                    data-testid="mock-CustomTextField"
                    placeholder="Enter your name here"
                    value=""
                  />
                  <input
                    aria-label="Email:"
                    data-testid="mock-CustomTextField"
                    placeholder="Enter your email here"
                    value=""
                  />
                  <input
                    aria-label="Phone:"
                    data-testid="mock-CustomTextField"
                    placeholder="Enter your phone number here"
                    value=""
                  />
                  <input
                    aria-label="Address:"
                    data-testid="mock-CustomTextField"
                    placeholder="Enter your address here"
                    value=""
                  />
                </div>
              </div>
            </div>
          </div>
        </div>
      </div>
      <hr
        class="MuiDivider-root MuiDivider-fullWidth css-zflieh-MuiDivider-root"
        color="primary"
        data-testid="experiences-divider-df5ab5c0-a109-4b6d-ba3f-a46975e5511b"
      />
      <div
        class="MuiBox-root css-7qwnnv"
      >
        <div
          class="MuiBox-root css-7qwnnv"
        >
          <div
            class="MuiBox-root css-1n10a4f"
          >
            <div
              class="MuiBox-root css-1elaak3"
            >
              <svg
                aria-hidden="true"
                class="MuiSvgIcon-root MuiSvgIcon-fontSizeMedium css-il7e6s-MuiSvgIcon-root"
                data-testid="WorkIcon"
                focusable="false"
                viewBox="0 0 24 24"
              >
                <path
                  d="M20 6h-4V4c0-1.11-.89-2-2-2h-4c-1.11 0-2 .89-2 2v2H4c-1.11 0-1.99.89-1.99 2L2 19c0 1.11.89 2 2 2h16c1.11 0 2-.89 2-2V8c0-1.11-.89-2-2-2m-6 0h-4V4h4z"
                />
              </svg>
              <h6
                class="MuiTypography-root MuiTypography-subtitle1 css-1ce2uu2-MuiTypography-root"
              >
                Salary Work
              </h6>
            </div>
            <div
              class="MuiBox-root css-c4dei4"
            >
              <div
                class="MuiBox-root css-yj95vr"
                data-testid="experiences-drawer-content-container-34a59a9e-e7f6-4a10-8b72-0fd401c727de"
              >
                <p
                  class="MuiTypography-root MuiTypography-body1 css-1wdfbkk-MuiTypography-root"
                  data-testid="experiences-drawer-content-occupation-34a59a9e-e7f6-4a10-8b72-0fd401c727de"
                >
                  Project Manager
                </p>
                <p
                  class="MuiTypography-root MuiTypography-body2 css-bbtak5-MuiTypography-root"
                  data-testid="experiences-drawer-content-date-34a59a9e-e7f6-4a10-8b72-0fd401c727de"
                >
                  2022 â€” Present
                  , 
                  Business Inc
                  <i>
                     (New York, NY)
                  </i>
                </p>
                <div
                  class="MuiBox-root css-70qvj9"
                >
                  <p
                    class="MuiTypography-root MuiTypography-body1 css-nd2r4d-MuiTypography-root"
                    data-testid="experiences-drawer-content-skills-34a59a9e-e7f6-4a10-8b72-0fd401c727de"
                  >
                    <b>
                      Top Skills
                    </b>
                  </p>
                  <button
                    aria-label="help"
                    class="MuiButtonBase-root MuiIconButton-root MuiIconButton-sizeMedium css-1bmk3sv-MuiButtonBase-root-MuiIconButton-root"
                    data-mui-internal-clone-element="true"
                    data-testid="help-icon-4b757f12-fb67-4a59-94b1-b8a2498a7a49"
                    tabindex="0"
                    type="button"
                  >
                    <svg
                      aria-hidden="true"
                      class="MuiSvgIcon-root MuiSvgIcon-fontSizeMedium css-8lbdna-MuiSvgIcon-root"
                      data-testid="InfoIcon"
                      focusable="false"
                      viewBox="0 0 24 24"
                    >
                      <path
                        d="M12 2C6.48 2 2 6.48 2 12s4.48 10 10 10 10-4.48 10-10S17.52 2 12 2m1 15h-2v-6h2zm0-8h-2V7h2z"
                      />
                    </svg>
                    <span
                      class="MuiTouchRipple-root css-8je8zh-MuiTouchRipple-root"
                    />
                  </button>
                </div>
                <div
                  class="MuiBox-root css-147bxu4"
                  data-testid="experiences-drawer-skills-container-34a59a9e-e7f6-4a10-8b72-0fd401c727de"
                >
                  <div
                    class="MuiButtonBase-root MuiChip-root MuiChip-filled MuiChip-sizeMedium MuiChip-colorDefault MuiChip-clickable MuiChip-clickableColorDefault MuiChip-filledDefault css-c3w7rz-MuiButtonBase-root-MuiChip-root"
                    data-testid="experiences-drawer-chip-34a59a9e-e7f6-4a10-8b72-0fd401c727de"
                    role="button"
                    tabindex="0"
                  >
                    <span
                      class="MuiChip-label MuiChip-labelMedium css-1dybbl5-MuiChip-label"
                    >
                      Management
                    </span>
                    <span
                      class="MuiTouchRipple-root css-8je8zh-MuiTouchRipple-root"
                    />
                  </div>
                  <div
                    class="MuiButtonBase-root MuiChip-root MuiChip-filled MuiChip-sizeMedium MuiChip-colorDefault MuiChip-clickable MuiChip-clickableColorDefault MuiChip-filledDefault css-c3w7rz-MuiButtonBase-root-MuiChip-root"
                    data-testid="experiences-drawer-chip-34a59a9e-e7f6-4a10-8b72-0fd401c727de"
                    role="button"
                    tabindex="0"
                  >
                    <span
                      class="MuiChip-label MuiChip-labelMedium css-1dybbl5-MuiChip-label"
                    >
                      Communication
                    </span>
                    <span
                      class="MuiTouchRipple-root css-8je8zh-MuiTouchRipple-root"
                    />
                  </div>
                </div>
              </div>
            </div>
          </div>
          <div
            class="MuiBox-root css-1n10a4f"
          >
            <div
              class="MuiBox-root css-1elaak3"
            >
              <svg
                aria-hidden="true"
                class="MuiSvgIcon-root MuiSvgIcon-fontSizeMedium css-il7e6s-MuiSvgIcon-root"
                data-testid="SchoolIcon"
                focusable="false"
                viewBox="0 0 24 24"
              >
                <path
                  d="M5 13.18v4L12 21l7-3.82v-4L12 17zM12 3 1 9l11 6 9-4.91V17h2V9z"
                />
              </svg>
              <h6
                class="MuiTypography-root MuiTypography-subtitle1 css-1ce2uu2-MuiTypography-root"
              >
                Trainee Work
              </h6>
            </div>
            <div
              class="MuiBox-root css-c4dei4"
            >
              <div
                class="MuiBox-root css-yj95vr"
                data-testid="experiences-drawer-content-container-34a59a9e-e7f6-4a10-8b72-0fd401c727de"
              >
                <p
                  class="MuiTypography-root MuiTypography-body1 css-1wdfbkk-MuiTypography-root"
                  data-testid="experiences-drawer-content-occupation-34a59a9e-e7f6-4a10-8b72-0fd401c727de"
                >
                  Project Manager
                </p>
                <p
                  class="MuiTypography-root MuiTypography-body2 css-bbtak5-MuiTypography-root"
                  data-testid="experiences-drawer-content-date-34a59a9e-e7f6-4a10-8b72-0fd401c727de"
                >
                  2022 â€” Present
                  , 
                  Business Inc
                  <i>
                     (New York, NY)
                  </i>
                </p>
                <div
                  class="MuiBox-root css-70qvj9"
                >
                  <p
                    class="MuiTypography-root MuiTypography-body1 css-nd2r4d-MuiTypography-root"
                    data-testid="experiences-drawer-content-skills-34a59a9e-e7f6-4a10-8b72-0fd401c727de"
                  >
                    <b>
                      Top Skills
                    </b>
                  </p>
                  <button
                    aria-label="help"
                    class="MuiButtonBase-root MuiIconButton-root MuiIconButton-sizeMedium css-1bmk3sv-MuiButtonBase-root-MuiIconButton-root"
                    data-mui-internal-clone-element="true"
                    data-testid="help-icon-4b757f12-fb67-4a59-94b1-b8a2498a7a49"
                    tabindex="0"
                    type="button"
                  >
                    <svg
                      aria-hidden="true"
                      class="MuiSvgIcon-root MuiSvgIcon-fontSizeMedium css-8lbdna-MuiSvgIcon-root"
                      data-testid="InfoIcon"
                      focusable="false"
                      viewBox="0 0 24 24"
                    >
                      <path
                        d="M12 2C6.48 2 2 6.48 2 12s4.48 10 10 10 10-4.48 10-10S17.52 2 12 2m1 15h-2v-6h2zm0-8h-2V7h2z"
                      />
                    </svg>
                    <span
                      class="MuiTouchRipple-root css-8je8zh-MuiTouchRipple-root"
                    />
                  </button>
                </div>
                <div
                  class="MuiBox-root css-147bxu4"
                  data-testid="experiences-drawer-skills-container-34a59a9e-e7f6-4a10-8b72-0fd401c727de"
                >
                  <div
                    class="MuiButtonBase-root MuiChip-root MuiChip-filled MuiChip-sizeMedium MuiChip-colorDefault MuiChip-clickable MuiChip-clickableColorDefault MuiChip-filledDefault css-c3w7rz-MuiButtonBase-root-MuiChip-root"
                    data-testid="experiences-drawer-chip-34a59a9e-e7f6-4a10-8b72-0fd401c727de"
                    role="button"
                    tabindex="0"
                  >
                    <span
                      class="MuiChip-label MuiChip-labelMedium css-1dybbl5-MuiChip-label"
                    >
                      Management
                    </span>
                    <span
                      class="MuiTouchRipple-root css-8je8zh-MuiTouchRipple-root"
                    />
                  </div>
                  <div
                    class="MuiButtonBase-root MuiChip-root MuiChip-filled MuiChip-sizeMedium MuiChip-colorDefault MuiChip-clickable MuiChip-clickableColorDefault MuiChip-filledDefault css-c3w7rz-MuiButtonBase-root-MuiChip-root"
                    data-testid="experiences-drawer-chip-34a59a9e-e7f6-4a10-8b72-0fd401c727de"
                    role="button"
                    tabindex="0"
                  >
                    <span
                      class="MuiChip-label MuiChip-labelMedium css-1dybbl5-MuiChip-label"
                    >
                      Communication
                    </span>
                    <span
                      class="MuiTouchRipple-root css-8je8zh-MuiTouchRipple-root"
                    />
                  </div>
                </div>
              </div>
            </div>
          </div>
        </div>
      </div>
    </div>
  </div>
  <div
    data-testid="sentinelEnd"
    tabindex="0"
  />
</div>
`;
