// Jest Snapshot v1, https://goo.gl/fbAQLP

exports[`Testing Login component with AuthProvider it should show login form successfully 1`] = `
<div
  class="MuiContainer-root MuiContainer-maxWidthXs css-xravbe-MuiContainer-root"
  data-testid="login-container-7ce9ba1f-bde0-48e2-88df-e4f697945cc4"
>
  <div
    class="MuiBox-root css-inbm3t"
  >
    <div
      class="MuiBox-root css-1vd84sn"
    >
      <img
        alt="Logo"
        data-testid="login-logo-7ce9ba1f-bde0-48e2-88df-e4f697945cc4"
        src="/logo.svg"
        style="max-width: 60%; margin: 10%;"
      />
      <button
        class="MuiButtonBase-root MuiIconButton-root MuiIconButton-colorPrimary MuiIconButton-sizeMedium css-j7z1rr-MuiButtonBase-root-MuiIconButton-root"
        data-testid="auth-language-selector-f4d06e4b-0e0c-49c7-ad93-924c5ac89070"
        tabindex="0"
        title="Language Selector"
        type="button"
      >
        <svg
          aria-hidden="true"
          class="MuiSvgIcon-root MuiSvgIcon-fontSizeMedium css-etbowg-MuiSvgIcon-root"
          data-testid="LanguageOutlinedIcon"
          focusable="false"
          viewBox="0 0 24 24"
        >
          <path
            d="M11.99 2C6.47 2 2 6.48 2 12s4.47 10 9.99 10C17.52 22 22 17.52 22 12S17.52 2 11.99 2m6.93 6h-2.95c-.32-1.25-.78-2.45-1.38-3.56 1.84.63 3.37 1.91 4.33 3.56M12 4.04c.83 1.2 1.48 2.53 1.91 3.96h-3.82c.43-1.43 1.08-2.76 1.91-3.96M4.26 14C4.1 13.36 4 12.69 4 12s.1-1.36.26-2h3.38c-.08.66-.14 1.32-.14 2s.06 1.34.14 2zm.82 2h2.95c.32 1.25.78 2.45 1.38 3.56-1.84-.63-3.37-1.9-4.33-3.56m2.95-8H5.08c.96-1.66 2.49-2.93 4.33-3.56C8.81 5.55 8.35 6.75 8.03 8M12 19.96c-.83-1.2-1.48-2.53-1.91-3.96h3.82c-.43 1.43-1.08 2.76-1.91 3.96M14.34 14H9.66c-.09-.66-.16-1.32-.16-2s.07-1.35.16-2h4.68c.09.65.16 1.32.16 2s-.07 1.34-.16 2m.25 5.56c.6-1.11 1.06-2.31 1.38-3.56h2.95c-.96 1.65-2.49 2.93-4.33 3.56M16.36 14c.08-.66.14-1.32.14-2s-.06-1.34-.14-2h3.38c.16.64.26 1.31.26 2s-.1 1.36-.26 2z"
          />
        </svg>
        <span
          class="MuiTouchRipple-root css-8je8zh-MuiTouchRipple-root"
        />
      </button>
    </div>
    <h4
      class="MuiTypography-root MuiTypography-h4 MuiTypography-gutterBottom css-xvfkrl-MuiTypography-root"
      data-testid="login-title-7ce9ba1f-bde0-48e2-88df-e4f697945cc4"
    >
      Welcome to Compass!
    </h4>
    <p
      class="MuiTypography-root MuiTypography-body2 MuiTypography-gutterBottom css-1ncy5w-MuiTypography-root"
      data-testid="login-subtitle-7ce9ba1f-bde0-48e2-88df-e4f697945cc4"
    >
      Login to your account to continue
    </p>
    <form
      class="MuiBox-root css-1c88hr3"
      data-testid="login-form-7ce9ba1f-bde0-48e2-88df-e4f697945cc4"
    >
      <div
        class="MuiFormControl-root MuiFormControl-marginNormal MuiFormControl-fullWidth MuiTextField-root css-17vbkzs-MuiFormControl-root-MuiTextField-root"
      >
        <label
          class="MuiFormLabel-root MuiInputLabel-root MuiInputLabel-formControl MuiInputLabel-animated MuiInputLabel-shrink MuiInputLabel-sizeMedium MuiInputLabel-outlined MuiFormLabel-colorPrimary MuiFormLabel-filled Mui-required MuiInputLabel-root MuiInputLabel-formControl MuiInputLabel-animated MuiInputLabel-shrink MuiInputLabel-sizeMedium MuiInputLabel-outlined css-11i71sc-MuiFormLabel-root-MuiInputLabel-root"
          data-shrink="true"
          for=":r0:"
          id=":r0:-label"
        >
          Email
          <span
            aria-hidden="true"
            class="MuiFormLabel-asterisk MuiInputLabel-asterisk css-1th3aq5-MuiFormLabel-asterisk"
          >
             
            *
          </span>
        </label>
        <div
          class="MuiInputBase-root MuiOutlinedInput-root MuiInputBase-colorPrimary MuiInputBase-fullWidth MuiInputBase-formControl css-no50bp-MuiInputBase-root-MuiOutlinedInput-root"
        >
          <input
            aria-invalid="false"
            class="MuiInputBase-input MuiOutlinedInput-input css-1apxpsd-MuiInputBase-input-MuiOutlinedInput-input"
            data-testid="login-email-input-7ce9ba1f-bde0-48e2-88df-e4f697945cc4"
            id=":r0:"
            required=""
            type="email"
            value=""
          />
          <fieldset
            aria-hidden="true"
            class="MuiOutlinedInput-notchedOutline css-1d3z3hw-MuiOutlinedInput-notchedOutline"
          >
            <legend
              class="css-14lo706"
            >
              <span>
                Email
                 
                *
              </span>
            </legend>
          </fieldset>
        </div>
      </div>
      <div
        class="MuiFormControl-root MuiFormControl-marginNormal MuiFormControl-fullWidth MuiTextField-root css-17vbkzs-MuiFormControl-root-MuiTextField-root"
      >
        <label
          class="MuiFormLabel-root MuiInputLabel-root MuiInputLabel-formControl MuiInputLabel-animated MuiInputLabel-shrink MuiInputLabel-sizeMedium MuiInputLabel-outlined MuiFormLabel-colorPrimary MuiFormLabel-filled Mui-required MuiInputLabel-root MuiInputLabel-formControl MuiInputLabel-animated MuiInputLabel-shrink MuiInputLabel-sizeMedium MuiInputLabel-outlined css-11i71sc-MuiFormLabel-root-MuiInputLabel-root"
          data-shrink="true"
          for=":r1:"
          id=":r1:-label"
        >
          Password
          <span
            aria-hidden="true"
            class="MuiFormLabel-asterisk MuiInputLabel-asterisk css-1th3aq5-MuiFormLabel-asterisk"
          >
             
            *
          </span>
        </label>
        <div
          class="MuiInputBase-root MuiOutlinedInput-root MuiInputBase-colorPrimary MuiInputBase-fullWidth MuiInputBase-formControl css-no50bp-MuiInputBase-root-MuiOutlinedInput-root"
        >
          <input
            aria-invalid="false"
            class="MuiInputBase-input MuiOutlinedInput-input css-1apxpsd-MuiInputBase-input-MuiOutlinedInput-input"
            data-testid="login-password-input-7ce9ba1f-bde0-48e2-88df-e4f697945cc4"
            id=":r1:"
            required=""
            type="password"
            value=""
          />
          <fieldset
            aria-hidden="true"
            class="MuiOutlinedInput-notchedOutline css-1d3z3hw-MuiOutlinedInput-notchedOutline"
          >
            <legend
              class="css-14lo706"
            >
              <span>
                Password
                 
                *
              </span>
            </legend>
          </fieldset>
        </div>
      </div>
      <button
        class="MuiButtonBase-root MuiButton-root MuiButton-contained MuiButton-containedPrimary MuiButton-sizeMedium MuiButton-containedSizeMedium MuiButton-colorPrimary MuiButton-disableElevation MuiButton-fullWidth MuiButton-root MuiButton-contained MuiButton-containedPrimary MuiButton-sizeMedium MuiButton-containedSizeMedium MuiButton-colorPrimary MuiButton-disableElevation MuiButton-fullWidth css-q25fil-MuiButtonBase-root-MuiButton-root"
        data-testid="login-button-7ce9ba1f-bde0-48e2-88df-e4f697945cc4"
        style="margin-top: 16px;"
        tabindex="0"
        type="submit"
      >
        Login
        <span
          class="MuiTouchRipple-root css-8je8zh-MuiTouchRipple-root"
        />
      </button>
    </form>
    <div
      class="MuiBox-root css-9kk22j"
      data-testid="firebase-auth-container-7ce9ba1f-bde0-48e2-88df-e4f697945cc4"
    >
      <p
        class="MuiTypography-root MuiTypography-body2 css-1t5l3lb-MuiTypography-root"
        data-testid="login-using-7ce9ba1f-bde0-48e2-88df-e4f697945cc4"
      >
        Or continue with
      </p>
      <div
        class="MuiBox-root css-lyhpgt"
      >
        <span />
      </div>
    </div>
    <p
      class="MuiTypography-root MuiTypography-body2 css-1t5l3lb-MuiTypography-root"
      data-testid="login-login-link-7ce9ba1f-bde0-48e2-88df-e4f697945cc4"
    >
      Don't have an account?
       
    </p>
  </div>
</div>
`;
