// Jest Snapshot v1, https://goo.gl/fbAQLP

exports[`FeedbackFormContent should render component successfully 1`] = `
<div
  class="MuiBox-root css-llfxzc"
  data-testid="feedback-form-content-07d1ed9d-6ced-4a24-912a-9b89199df67f"
>
  <div
    class="MuiBox-root css-136j4hj"
  >
    <div
      animate="center"
      custom="-1"
      exit="exit"
      initial="enter"
      style="position: absolute; top: 0px; left: 0px; right: 0px; bottom: 0px;"
      transition="[object Object]"
      variants="[object Object]"
    >
      <p
        class="MuiTypography-root MuiTypography-body1 MuiTypography-gutterBottom css-18ls10k-MuiTypography-root"
        data-testid="feedback-form-content-title-07d1ed9d-6ced-4a24-912a-9b89199df67f"
      >
        Bias & Experience Accuracy
      </p>
      <div
        class="MuiBox-root css-16qyt99"
        data-testid="feedback-form-content-questions-07d1ed9d-6ced-4a24-912a-9b89199df67f"
      >
        <div
          class="MuiBox-root css-ifx08d"
          data-testid="steps-component-3bf900a2-f9fa-4b28-8c20-8bc21570635c"
        >
          <div
            class="MuiBox-root css-0"
          >
            <fieldset
              class="MuiFormControl-root MuiFormControl-marginNormal MuiFormControl-fullWidth css-1dwck73-MuiFormControl-root"
              data-testid="yes-no-question-form-control-9803f91b-499a-41b3-9348-795de9e399a9"
            >
              <legend
                class="MuiFormLabel-root MuiFormLabel-colorPrimary css-1bbwsov-MuiFormLabel-root"
                data-testid="yes-no-question-form-label-9803f91b-499a-41b3-9348-795de9e399a9"
              >
                <p
                  class="MuiTypography-root MuiTypography-body1 css-1rdygw0-MuiTypography-root"
                  data-testid="question-text-bf2b8e40-5a77-4eac-a0ea-ba8af97a5d67"
                >
                  Did you feel that Compass treated you unfairly by making assumptions about your background, language, or other personal characteristics? If so, please describe your experience.
                </p>
              </legend>
              <div
                aria-label="perceived_bias"
                class="MuiFormGroup-root MuiFormGroup-row MuiRadioGroup-root MuiRadioGroup-row css-106w5h1-MuiFormGroup-root"
                role="radiogroup"
              >
                <label
                  class="MuiFormControlLabel-root MuiFormControlLabel-labelPlacementEnd css-2mfj4v-MuiFormControlLabel-root"
                  data-testid="yes-no-question-radio-no-9803f91b-499a-41b3-9348-795de9e399a9"
                >
                  <span
                    class="MuiButtonBase-root MuiRadio-root MuiRadio-colorPrimary PrivateSwitchBase-root MuiRadio-root MuiRadio-colorPrimary MuiRadio-root MuiRadio-colorPrimary css-1inuqo-MuiButtonBase-root-MuiRadio-root"
                  >
                    <input
                      class="PrivateSwitchBase-input css-1m9pwf3"
                      name="perceived_bias"
                      type="radio"
                      value="false"
                    />
                    <span
                      class="css-hyxlzm"
                    >
                      <svg
                        aria-hidden="true"
                        class="MuiSvgIcon-root MuiSvgIcon-fontSizeMedium css-wycp9y-MuiSvgIcon-root"
                        data-testid="RadioButtonUncheckedIcon"
                        focusable="false"
                        viewBox="0 0 24 24"
                      >
                        <path
                          d="M12 2C6.48 2 2 6.48 2 12s4.48 10 10 10 10-4.48 10-10S17.52 2 12 2zm0 18c-4.42 0-8-3.58-8-8s3.58-8 8-8 8 3.58 8 8-3.58 8-8 8z"
                        />
                      </svg>
                      <svg
                        aria-hidden="true"
                        class="MuiSvgIcon-root MuiSvgIcon-fontSizeMedium css-wyntia-MuiSvgIcon-root"
                        data-testid="RadioButtonCheckedIcon"
                        focusable="false"
                        viewBox="0 0 24 24"
                      >
                        <path
                          d="M8.465 8.465C9.37 7.56 10.62 7 12 7C14.76 7 17 9.24 17 12C17 13.38 16.44 14.63 15.535 15.535C14.63 16.44 13.38 17 12 17C9.24 17 7 14.76 7 12C7 10.62 7.56 9.37 8.465 8.465Z"
                        />
                      </svg>
                    </span>
                    <span
                      class="MuiTouchRipple-root css-8je8zh-MuiTouchRipple-root"
                    />
                  </span>
                  <span
                    class="MuiTypography-root MuiTypography-body1 MuiFormControlLabel-label css-1czz4sp-MuiTypography-root"
                  >
                    No
                  </span>
                </label>
                <label
                  class="MuiFormControlLabel-root MuiFormControlLabel-labelPlacementEnd css-2mfj4v-MuiFormControlLabel-root"
                  data-testid="yes-no-question-radio-yes-9803f91b-499a-41b3-9348-795de9e399a9"
                >
                  <span
                    class="MuiButtonBase-root MuiRadio-root MuiRadio-colorPrimary PrivateSwitchBase-root MuiRadio-root MuiRadio-colorPrimary MuiRadio-root MuiRadio-colorPrimary css-1inuqo-MuiButtonBase-root-MuiRadio-root"
                  >
                    <input
                      class="PrivateSwitchBase-input css-1m9pwf3"
                      name="perceived_bias"
                      type="radio"
                      value="true"
                    />
                    <span
                      class="css-hyxlzm"
                    >
                      <svg
                        aria-hidden="true"
                        class="MuiSvgIcon-root MuiSvgIcon-fontSizeMedium css-wycp9y-MuiSvgIcon-root"
                        data-testid="RadioButtonUncheckedIcon"
                        focusable="false"
                        viewBox="0 0 24 24"
                      >
                        <path
                          d="M12 2C6.48 2 2 6.48 2 12s4.48 10 10 10 10-4.48 10-10S17.52 2 12 2zm0 18c-4.42 0-8-3.58-8-8s3.58-8 8-8 8 3.58 8 8-3.58 8-8 8z"
                        />
                      </svg>
                      <svg
                        aria-hidden="true"
                        class="MuiSvgIcon-root MuiSvgIcon-fontSizeMedium css-wyntia-MuiSvgIcon-root"
                        data-testid="RadioButtonCheckedIcon"
                        focusable="false"
                        viewBox="0 0 24 24"
                      >
                        <path
                          d="M8.465 8.465C9.37 7.56 10.62 7 12 7C14.76 7 17 9.24 17 12C17 13.38 16.44 14.63 15.535 15.535C14.63 16.44 13.38 17 12 17C9.24 17 7 14.76 7 12C7 10.62 7.56 9.37 8.465 8.465Z"
                        />
                      </svg>
                    </span>
                    <span
                      class="MuiTouchRipple-root css-8je8zh-MuiTouchRipple-root"
                    />
                  </span>
                  <span
                    class="MuiTypography-root MuiTypography-body1 MuiFormControlLabel-label css-1czz4sp-MuiTypography-root"
                  >
                    Yes
                  </span>
                </label>
              </div>
            </fieldset>
          </div>
          <div
            class="MuiBox-root css-0"
          >
            <fieldset
              class="MuiFormControl-root MuiFormControl-marginNormal MuiFormControl-fullWidth css-1m6dh8w-MuiFormControl-root"
              data-testid="checkbox-with-textarea-form-control-989402f0-9fda-4400-958c-2d6c7bce9821"
            >
              <legend
                class="MuiFormLabel-root MuiFormLabel-colorPrimary css-1bbwsov-MuiFormLabel-root"
                data-testid="checkbox-with-textarea-form-label-989402f0-9fda-4400-958c-2d6c7bce9821"
              >
                <p
                  class="MuiTypography-root MuiTypography-body1 css-1rdygw0-MuiTypography-root"
                  data-testid="question-text-bf2b8e40-5a77-4eac-a0ea-ba8af97a5d67"
                >
                  Were there any aspects of your work experience information identified by Compass that were inaccurate?
                </p>
              </legend>
              <div
                class="MuiFormGroup-root css-4ht0cc-MuiFormGroup-root"
              >
                <label
                  class="MuiFormControlLabel-root MuiFormControlLabel-labelPlacementEnd css-1jbxyga-MuiFormControlLabel-root"
                >
                  <span
                    class="MuiButtonBase-root MuiCheckbox-root MuiCheckbox-colorPrimary MuiCheckbox-sizeMedium PrivateSwitchBase-root MuiCheckbox-root MuiCheckbox-colorPrimary MuiCheckbox-sizeMedium MuiCheckbox-root MuiCheckbox-colorPrimary MuiCheckbox-sizeMedium css-50zv81-MuiButtonBase-root-MuiCheckbox-root"
                    data-testid="checkbox-with-textarea-checkbox-option-989402f0-9fda-4400-958c-2d6c7bce9821"
                  >
                    <input
                      class="PrivateSwitchBase-input css-1m9pwf3"
                      data-indeterminate="false"
                      type="checkbox"
                    />
                    <svg
                      aria-hidden="true"
                      class="MuiSvgIcon-root MuiSvgIcon-fontSizeMedium css-etbowg-MuiSvgIcon-root"
                      data-testid="CheckBoxOutlineBlankIcon"
                      focusable="false"
                      viewBox="0 0 24 24"
                    >
                      <path
                        d="M19 5v14H5V5h14m0-2H5c-1.1 0-2 .9-2 2v14c0 1.1.9 2 2 2h14c1.1 0 2-.9 2-2V5c0-1.1-.9-2-2-2z"
                      />
                    </svg>
                    <span
                      class="MuiTouchRipple-root css-8je8zh-MuiTouchRipple-root"
                    />
                  </span>
                  <span
                    class="MuiTypography-root MuiTypography-body1 MuiFormControlLabel-label css-1czz4sp-MuiTypography-root"
                  >
                    Incorrect Experience title
                  </span>
                </label>
                <label
                  class="MuiFormControlLabel-root MuiFormControlLabel-labelPlacementEnd css-1jbxyga-MuiFormControlLabel-root"
                >
                  <span
                    class="MuiButtonBase-root MuiCheckbox-root MuiCheckbox-colorPrimary MuiCheckbox-sizeMedium PrivateSwitchBase-root MuiCheckbox-root MuiCheckbox-colorPrimary MuiCheckbox-sizeMedium MuiCheckbox-root MuiCheckbox-colorPrimary MuiCheckbox-sizeMedium css-50zv81-MuiButtonBase-root-MuiCheckbox-root"
                    data-testid="checkbox-with-textarea-checkbox-option-989402f0-9fda-4400-958c-2d6c7bce9821"
                  >
                    <input
                      class="PrivateSwitchBase-input css-1m9pwf3"
                      data-indeterminate="false"
                      type="checkbox"
                    />
                    <svg
                      aria-hidden="true"
                      class="MuiSvgIcon-root MuiSvgIcon-fontSizeMedium css-etbowg-MuiSvgIcon-root"
                      data-testid="CheckBoxOutlineBlankIcon"
                      focusable="false"
                      viewBox="0 0 24 24"
                    >
                      <path
                        d="M19 5v14H5V5h14m0-2H5c-1.1 0-2 .9-2 2v14c0 1.1.9 2 2 2h14c1.1 0 2-.9 2-2V5c0-1.1-.9-2-2-2z"
                      />
                    </svg>
                    <span
                      class="MuiTouchRipple-root css-8je8zh-MuiTouchRipple-root"
                    />
                  </span>
                  <span
                    class="MuiTypography-root MuiTypography-body1 MuiFormControlLabel-label css-1czz4sp-MuiTypography-root"
                  >
                    Incorrect start/end dates
                  </span>
                </label>
                <label
                  class="MuiFormControlLabel-root MuiFormControlLabel-labelPlacementEnd css-1jbxyga-MuiFormControlLabel-root"
                >
                  <span
                    class="MuiButtonBase-root MuiCheckbox-root MuiCheckbox-colorPrimary MuiCheckbox-sizeMedium PrivateSwitchBase-root MuiCheckbox-root MuiCheckbox-colorPrimary MuiCheckbox-sizeMedium MuiCheckbox-root MuiCheckbox-colorPrimary MuiCheckbox-sizeMedium css-50zv81-MuiButtonBase-root-MuiCheckbox-root"
                    data-testid="checkbox-with-textarea-checkbox-option-989402f0-9fda-4400-958c-2d6c7bce9821"
                  >
                    <input
                      class="PrivateSwitchBase-input css-1m9pwf3"
                      data-indeterminate="false"
                      type="checkbox"
                    />
                    <svg
                      aria-hidden="true"
                      class="MuiSvgIcon-root MuiSvgIcon-fontSizeMedium css-etbowg-MuiSvgIcon-root"
                      data-testid="CheckBoxOutlineBlankIcon"
                      focusable="false"
                      viewBox="0 0 24 24"
                    >
                      <path
                        d="M19 5v14H5V5h14m0-2H5c-1.1 0-2 .9-2 2v14c0 1.1.9 2 2 2h14c1.1 0 2-.9 2-2V5c0-1.1-.9-2-2-2z"
                      />
                    </svg>
                    <span
                      class="MuiTouchRipple-root css-8je8zh-MuiTouchRipple-root"
                    />
                  </span>
                  <span
                    class="MuiTypography-root MuiTypography-body1 MuiFormControlLabel-label css-1czz4sp-MuiTypography-root"
                  >
                    Incorrect location
                  </span>
                </label>
                <label
                  class="MuiFormControlLabel-root MuiFormControlLabel-labelPlacementEnd css-1jbxyga-MuiFormControlLabel-root"
                >
                  <span
                    class="MuiButtonBase-root MuiCheckbox-root MuiCheckbox-colorPrimary MuiCheckbox-sizeMedium PrivateSwitchBase-root MuiCheckbox-root MuiCheckbox-colorPrimary MuiCheckbox-sizeMedium MuiCheckbox-root MuiCheckbox-colorPrimary MuiCheckbox-sizeMedium css-50zv81-MuiButtonBase-root-MuiCheckbox-root"
                    data-testid="checkbox-with-textarea-checkbox-option-989402f0-9fda-4400-958c-2d6c7bce9821"
                  >
                    <input
                      class="PrivateSwitchBase-input css-1m9pwf3"
                      data-indeterminate="false"
                      type="checkbox"
                    />
                    <svg
                      aria-hidden="true"
                      class="MuiSvgIcon-root MuiSvgIcon-fontSizeMedium css-etbowg-MuiSvgIcon-root"
                      data-testid="CheckBoxOutlineBlankIcon"
                      focusable="false"
                      viewBox="0 0 24 24"
                    >
                      <path
                        d="M19 5v14H5V5h14m0-2H5c-1.1 0-2 .9-2 2v14c0 1.1.9 2 2 2h14c1.1 0 2-.9 2-2V5c0-1.1-.9-2-2-2z"
                      />
                    </svg>
                    <span
                      class="MuiTouchRipple-root css-8je8zh-MuiTouchRipple-root"
                    />
                  </span>
                  <span
                    class="MuiTypography-root MuiTypography-body1 MuiFormControlLabel-label css-1czz4sp-MuiTypography-root"
                  >
                    Duplicate Experiences
                  </span>
                </label>
                <label
                  class="MuiFormControlLabel-root MuiFormControlLabel-labelPlacementEnd css-1jbxyga-MuiFormControlLabel-root"
                >
                  <span
                    class="MuiButtonBase-root MuiCheckbox-root MuiCheckbox-colorPrimary MuiCheckbox-sizeMedium PrivateSwitchBase-root MuiCheckbox-root MuiCheckbox-colorPrimary MuiCheckbox-sizeMedium MuiCheckbox-root MuiCheckbox-colorPrimary MuiCheckbox-sizeMedium css-50zv81-MuiButtonBase-root-MuiCheckbox-root"
                    data-testid="checkbox-with-textarea-checkbox-option-989402f0-9fda-4400-958c-2d6c7bce9821"
                  >
                    <input
                      class="PrivateSwitchBase-input css-1m9pwf3"
                      data-indeterminate="false"
                      type="checkbox"
                    />
                    <svg
                      aria-hidden="true"
                      class="MuiSvgIcon-root MuiSvgIcon-fontSizeMedium css-etbowg-MuiSvgIcon-root"
                      data-testid="CheckBoxOutlineBlankIcon"
                      focusable="false"
                      viewBox="0 0 24 24"
                    >
                      <path
                        d="M19 5v14H5V5h14m0-2H5c-1.1 0-2 .9-2 2v14c0 1.1.9 2 2 2h14c1.1 0 2-.9 2-2V5c0-1.1-.9-2-2-2z"
                      />
                    </svg>
                    <span
                      class="MuiTouchRipple-root css-8je8zh-MuiTouchRipple-root"
                    />
                  </span>
                  <span
                    class="MuiTypography-root MuiTypography-body1 MuiFormControlLabel-label css-1czz4sp-MuiTypography-root"
                  >
                    Missing Experiences
                  </span>
                </label>
                <label
                  class="MuiFormControlLabel-root MuiFormControlLabel-labelPlacementEnd css-1jbxyga-MuiFormControlLabel-root"
                >
                  <span
                    class="MuiButtonBase-root MuiCheckbox-root MuiCheckbox-colorPrimary MuiCheckbox-sizeMedium PrivateSwitchBase-root MuiCheckbox-root MuiCheckbox-colorPrimary MuiCheckbox-sizeMedium MuiCheckbox-root MuiCheckbox-colorPrimary MuiCheckbox-sizeMedium css-50zv81-MuiButtonBase-root-MuiCheckbox-root"
                    data-testid="checkbox-with-textarea-checkbox-option-989402f0-9fda-4400-958c-2d6c7bce9821"
                  >
                    <input
                      class="PrivateSwitchBase-input css-1m9pwf3"
                      data-indeterminate="false"
                      type="checkbox"
                    />
                    <svg
                      aria-hidden="true"
                      class="MuiSvgIcon-root MuiSvgIcon-fontSizeMedium css-etbowg-MuiSvgIcon-root"
                      data-testid="CheckBoxOutlineBlankIcon"
                      focusable="false"
                      viewBox="0 0 24 24"
                    >
                      <path
                        d="M19 5v14H5V5h14m0-2H5c-1.1 0-2 .9-2 2v14c0 1.1.9 2 2 2h14c1.1 0 2-.9 2-2V5c0-1.1-.9-2-2-2z"
                      />
                    </svg>
                    <span
                      class="MuiTouchRipple-root css-8je8zh-MuiTouchRipple-root"
                    />
                  </span>
                  <span
                    class="MuiTypography-root MuiTypography-body1 MuiFormControlLabel-label css-1czz4sp-MuiTypography-root"
                  >
                    Other
                  </span>
                </label>
              </div>
            </fieldset>
          </div>
        </div>
      </div>
    </div>
  </div>
  <hr
    class="MuiDivider-root MuiDivider-fullWidth css-4rn412-MuiDivider-root"
    color="primary"
    data-testid="feedback-form-content-divider-07d1ed9d-6ced-4a24-912a-9b89199df67f"
  />
  <div
    class="MuiPaper-root MuiPaper-elevation MuiPaper-elevation0 MuiMobileStepper-root MuiMobileStepper-positionStatic css-ufcsdh-MuiPaper-root-MuiMobileStepper-root"
  >
    <button
      class="MuiButtonBase-root MuiButton-root MuiButton-text MuiButton-textPrimary MuiButton-sizeMedium MuiButton-textSizeMedium MuiButton-colorPrimary MuiButton-disableElevation Mui-disabled MuiButton-root MuiButton-text MuiButton-textPrimary MuiButton-sizeMedium MuiButton-textSizeMedium MuiButton-colorPrimary MuiButton-disableElevation css-187exs5-MuiButtonBase-root-MuiButton-root"
      data-testid="feedback-form-back-button-07d1ed9d-6ced-4a24-912a-9b89199df67f"
      disabled=""
      tabindex="-1"
      type="button"
    >
      Previous
    </button>
    <div
      class="MuiMobileStepper-dots css-1384nzf-MuiMobileStepper-dots"
    >
      <div
        class="MuiMobileStepper-dot MuiMobileStepper-dotActive css-15nuweu-MuiMobileStepper-dot"
      />
      <div
        class="MuiMobileStepper-dot css-114p2tk-MuiMobileStepper-dot"
      />
      <div
        class="MuiMobileStepper-dot css-114p2tk-MuiMobileStepper-dot"
      />
    </div>
    <button
      class="MuiButtonBase-root MuiButton-root MuiButton-contained MuiButton-containedPrimary MuiButton-sizeMedium MuiButton-containedSizeMedium MuiButton-colorPrimary MuiButton-disableElevation MuiButton-root MuiButton-contained MuiButton-containedPrimary MuiButton-sizeMedium MuiButton-containedSizeMedium MuiButton-colorPrimary MuiButton-disableElevation css-fph7a5-MuiButtonBase-root-MuiButton-root"
      data-testid="feedback-form-next-button-07d1ed9d-6ced-4a24-912a-9b89199df67f"
      style="width: 100px;"
      tabindex="0"
      type="button"
    >
      Next
      <span
        class="MuiTouchRipple-root css-8je8zh-MuiTouchRipple-root"
      />
    </button>
  </div>
</div>
`;
