// Jest Snapshot v1, https://goo.gl/fbAQLP

exports[`Testing LoginWithEmailForm component it should show login form 1`] = `
<div
  class="MuiBox-root css-6qz4l6"
  data-testid="login-form-8ab76120-a0d3-47b1-aac0-42d0169e0a58"
>
  <div
    class="MuiFormControl-root MuiFormControl-fullWidth MuiTextField-root css-1pcwqdd-MuiFormControl-root-MuiTextField-root"
  >
    <label
      class="MuiFormLabel-root MuiInputLabel-root MuiInputLabel-formControl MuiInputLabel-animated MuiInputLabel-shrink MuiInputLabel-sizeMedium MuiInputLabel-outlined MuiFormLabel-colorPrimary MuiFormLabel-filled MuiInputLabel-root MuiInputLabel-formControl MuiInputLabel-animated MuiInputLabel-shrink MuiInputLabel-sizeMedium MuiInputLabel-outlined css-1d7vtq4-MuiFormLabel-root-MuiInputLabel-root"
      data-shrink="true"
      for=":r0:"
      id=":r0:-label"
    >
      Email
    </label>
    <div
      class="MuiInputBase-root MuiOutlinedInput-root MuiInputBase-colorPrimary MuiInputBase-fullWidth MuiInputBase-formControl css-1vdto9g-MuiInputBase-root-MuiOutlinedInput-root"
    >
      <input
        aria-invalid="false"
        class="MuiInputBase-input MuiOutlinedInput-input css-kqqmrr-MuiInputBase-input-MuiOutlinedInput-input"
        data-testid="login-email-input-8ab76120-a0d3-47b1-aac0-42d0169e0a58"
        id=":r0:"
        type="email"
        value="email"
      />
      <fieldset
        aria-hidden="true"
        class="MuiOutlinedInput-notchedOutline css-1d3z3hw-MuiOutlinedInput-notchedOutline"
      >
        <legend
          class="css-14lo706"
        >
          <span>
            Email
          </span>
        </legend>
      </fieldset>
    </div>
  </div>
  <div
    class="MuiFormControl-root MuiFormControl-fullWidth MuiTextField-root css-1pcwqdd-MuiFormControl-root-MuiTextField-root"
  >
    <label
      class="MuiFormLabel-root MuiInputLabel-root MuiInputLabel-formControl MuiInputLabel-animated MuiInputLabel-shrink MuiInputLabel-sizeMedium MuiInputLabel-outlined MuiFormLabel-colorPrimary MuiFormLabel-filled MuiInputLabel-root MuiInputLabel-formControl MuiInputLabel-animated MuiInputLabel-shrink MuiInputLabel-sizeMedium MuiInputLabel-outlined css-1d7vtq4-MuiFormLabel-root-MuiInputLabel-root"
      data-shrink="true"
      for=":r1:"
      id=":r1:-label"
    >
      Password
    </label>
    <div
      class="MuiInputBase-root MuiOutlinedInput-root MuiInputBase-colorPrimary MuiInputBase-fullWidth MuiInputBase-formControl MuiInputBase-adornedEnd css-1bk0u5a-MuiInputBase-root-MuiOutlinedInput-root"
    >
      <input
        aria-invalid="false"
        class="MuiInputBase-input MuiOutlinedInput-input MuiInputBase-inputAdornedEnd css-hjin93-MuiInputBase-input-MuiOutlinedInput-input"
        data-testid="login-password-input-8ab76120-a0d3-47b1-aac0-42d0169e0a58"
        id=":r1:"
        type="password"
        value="password"
      />
      <div
        class="MuiInputAdornment-root MuiInputAdornment-positionEnd MuiInputAdornment-outlined MuiInputAdornment-sizeMedium css-1laqsz7-MuiInputAdornment-root"
      >
        <button
          aria-label="toggle password visibility"
          class="MuiButtonBase-root MuiIconButton-root MuiIconButton-edgeEnd MuiIconButton-sizeMedium css-hli2kd-MuiButtonBase-root-MuiIconButton-root"
          data-testid="b7499b01-8082-4209-8667-c7d559a70cag-icon-button"
          tabindex="0"
          type="button"
        >
          <svg
            aria-hidden="true"
            class="MuiSvgIcon-root MuiSvgIcon-fontSizeMedium css-etbowg-MuiSvgIcon-root"
            data-testid="b7499b01-8082-4209-8667-c7d559a70cag-visibility-on-icon"
            focusable="false"
            viewBox="0 0 24 24"
          >
            <path
              d="M12 4.5C7 4.5 2.73 7.61 1 12c1.73 4.39 6 7.5 11 7.5s9.27-3.11 11-7.5c-1.73-4.39-6-7.5-11-7.5M12 17c-2.76 0-5-2.24-5-5s2.24-5 5-5 5 2.24 5 5-2.24 5-5 5m0-8c-1.66 0-3 1.34-3 3s1.34 3 3 3 3-1.34 3-3-1.34-3-3-3"
            />
          </svg>
          <span
            class="MuiTouchRipple-root css-8je8zh-MuiTouchRipple-root"
          />
        </button>
      </div>
      <fieldset
        aria-hidden="true"
        class="MuiOutlinedInput-notchedOutline css-1d3z3hw-MuiOutlinedInput-notchedOutline"
      >
        <legend
          class="css-14lo706"
        >
          <span>
            Password
          </span>
        </legend>
      </fieldset>
    </div>
  </div>
</div>
`;
