// Jest Snapshot v1, https://goo.gl/fbAQLP

exports[`InactiveBackdrop render tests should show InactiveBackdrop when isShown is true 1`] = `
<div
  aria-hidden="true"
  class="MuiBackdrop-root css-125pjs0-MuiBackdrop-root"
  data-testid="inactive-backdrop-container-e9ca9c1e-3933-4c5b-b5fd-453601ee9947"
  style="opacity: 1; webkit-transition: opacity 225ms cubic-bezier(0.4, 0, 0.2, 1) 0ms; transition: opacity 225ms cubic-bezier(0.4, 0, 0.2, 1) 0ms;"
>
  <div
    class="MuiPaper-root MuiPaper-elevation MuiPaper-rounded MuiPaper-elevation24 css-1cir30c-MuiPaper-root"
  >
    <p
      class="MuiTypography-root MuiTypography-body1 css-1gte45r-MuiTypography-root"
      data-testid="inactive-backdrop-message-e9ca9c1e-3933-4c5b-b5fd-453601ee9947"
    >
      Are you still here?
      <br />
      Tap anywhere to continue...
    </p>
  </div>
</div>
`;
