// Jest Snapshot v1, https://goo.gl/fbAQLP

exports[`MissingSkillsQuestion should render correctly with empty feedbackItems 1`] = `
<div>
  <div
    class="MuiBox-root css-0"
    data-testid="missing-skills-95ccb7e6-350e-4fd1-81d0-96c5b6094ab4"
  >
    <div
      data-testid="question-renderer-3bf900a2-f9fa-4b28-8c20-8bc21570635c"
    />
  </div>
</div>
`;

exports[`MissingSkillsQuestion should render correctly with existing feedbackItems 1`] = `
<div>
  <div
    class="MuiBox-root css-0"
    data-testid="missing-skills-95ccb7e6-350e-4fd1-81d0-96c5b6094ab4"
  >
    <div
      data-testid="question-renderer-3bf900a2-f9fa-4b28-8c20-8bc21570635c"
    />
  </div>
</div>
`;
