// Jest Snapshot v1, https://goo.gl/fbAQLP

exports[`ExperienceEditForm should render ExperienceEditForm correctly 1`] = `
<div
  class="MuiBox-root css-1uptyvx"
  data-testid="experience-edit-form-container-0ddc6b92-eca6-472b-8e5f-fdce9abfec3b"
>
  <div
    class="MuiBox-root css-quwgsm"
  >
    <h5
      class="MuiTypography-root MuiTypography-h5 css-vmt1ul-MuiTypography-root"
    >
      Edit Experience
    </h5>
    <div
      class="MuiBox-root css-1rf73am"
    >
      <button
        class="MuiButtonBase-root MuiButton-root MuiButton-text MuiButton-textPrimary MuiButton-sizeMedium MuiButton-textSizeMedium MuiButton-colorPrimary MuiButton-disableElevation MuiButton-root MuiButton-text MuiButton-textPrimary MuiButton-sizeMedium MuiButton-textSizeMedium MuiButton-colorPrimary MuiButton-disableElevation css-187exs5-MuiButtonBase-root-MuiButton-root"
        data-testid="experience-edit-form-cancel-button-0ddc6b92-eca6-472b-8e5f-fdce9abfec3b"
        tabindex="0"
        type="button"
      >
        Cancel
        <span
          class="MuiTouchRipple-root css-8je8zh-MuiTouchRipple-root"
        />
      </button>
      <button
        class="MuiButtonBase-root MuiButton-root MuiButton-contained MuiButton-containedPrimary MuiButton-sizeMedium MuiButton-containedSizeMedium MuiButton-colorPrimary MuiButton-disableElevation Mui-disabled MuiButton-root MuiButton-contained MuiButton-containedPrimary MuiButton-sizeMedium MuiButton-containedSizeMedium MuiButton-colorPrimary MuiButton-disableElevation css-fph7a5-MuiButtonBase-root-MuiButton-root"
        data-testid="experience-edit-form-save-button-0ddc6b92-eca6-472b-8e5f-fdce9abfec3b"
        disabled=""
        tabindex="-1"
        type="button"
      >
        Save
      </button>
    </div>
  </div>
  <div
    class="MuiBox-root css-1pnvk0s"
  >
    <div
      class="MuiBox-root css-70qvj9"
    >
      <p
        class="MuiTypography-root MuiTypography-body1 css-11iibhc-MuiTypography-root"
      >
        <b>
          Experience info
        </b>
      </p>
      <button
        aria-label="help"
        class="MuiButtonBase-root MuiIconButton-root MuiIconButton-sizeMedium css-1pqe0ky-MuiButtonBase-root-MuiIconButton-root"
        data-mui-internal-clone-element="true"
        data-testid="help-icon-4b757f12-fb67-4a59-94b1-b8a2498a7a49"
        tabindex="0"
        type="button"
      >
        <svg
          aria-hidden="true"
          class="MuiSvgIcon-root MuiSvgIcon-fontSizeMedium css-etbowg-MuiSvgIcon-root"
          data-testid="InfoIcon"
          focusable="false"
          viewBox="0 0 24 24"
        >
          <path
            d="M12 2C6.48 2 2 6.48 2 12s4.48 10 10 10 10-4.48 10-10S17.52 2 12 2m1 15h-2v-6h2zm0-8h-2V7h2z"
          />
        </svg>
        <span
          class="MuiTouchRipple-root css-8je8zh-MuiTouchRipple-root"
        />
      </button>
    </div>
    <div
      class="MuiBox-root css-yd8sa2"
    >
      <span
        class="MuiBadge-root css-112xqrm-MuiBadge-root"
      >
        <div
          class="MuiBox-root css-6b1g0m"
          data-testid="experience-edit-form-work-type-title-0ddc6b92-eca6-472b-8e5f-fdce9abfec3b"
        >
          <div
            class="MuiBox-root css-axw7ok"
          >
            <svg
              aria-hidden="true"
              class="MuiSvgIcon-root MuiSvgIcon-fontSizeMedium css-1de4ipc-MuiSvgIcon-root"
              data-testid="WorkIcon"
              focusable="false"
              viewBox="0 0 24 24"
            >
              <path
                d="M20 6h-4V4c0-1.11-.89-2-2-2h-4c-1.11 0-2 .89-2 2v2H4c-1.11 0-1.99.89-1.99 2L2 19c0 1.11.89 2 2 2h16c1.11 0 2-.89 2-2V8c0-1.11-.89-2-2-2m-6 0h-4V4h4z"
              />
            </svg>
            <p
              class="MuiTypography-root MuiTypography-body1 css-ckgs5j-MuiTypography-root"
            >
              Salary Work
            </p>
          </div>
          <svg
            aria-hidden="true"
            class="MuiSvgIcon-root MuiSvgIcon-fontSizeMedium css-1de4ipc-MuiSvgIcon-root"
            data-testid="experience-edit-form-work-type-dropdown-0ddc6b92-eca6-472b-8e5f-fdce9abfec3b"
            focusable="false"
            viewBox="0 0 24 24"
          >
            <path
              d="m7 10 5 5 5-5z"
            />
          </svg>
        </div>
        <span
          class="MuiBadge-badge MuiBadge-dot MuiBadge-invisible MuiBadge-anchorOriginTopLeft MuiBadge-anchorOriginTopLeftRectangular MuiBadge-overlapRectangular css-1roxe2m-MuiBadge-badge"
        />
      </span>
      <div
        class="MuiBox-root css-1lxwves"
      >
        <div
          data-testid="experience-edit-form-experience-title-0ddc6b92-eca6-472b-8e5f-fdce9abfec3b"
        >
          <input
            type="text"
            value="Project Manager"
          />
        </div>
      </div>
      <div
        class="MuiBox-root css-1msuw7t"
      >
        <div
          class="MuiBox-root css-i9gxme"
        >
          <div
            data-testid="experience-edit-form-start-date-0ddc6b92-eca6-472b-8e5f-fdce9abfec3b"
          >
            <input
              type="text"
              value="2022"
            />
          </div>
        </div>
        <div
          class="MuiBox-root css-i9gxme"
        >
          <div
            data-testid="experience-edit-form-end-date-0ddc6b92-eca6-472b-8e5f-fdce9abfec3b"
          >
            <input
              type="text"
              value="Present"
            />
          </div>
        </div>
      </div>
      <div
        class="MuiBox-root css-1msuw7t"
      >
        <div
          class="MuiBox-root css-8atqhb"
        >
          <div
            data-testid="experience-edit-form-company-0ddc6b92-eca6-472b-8e5f-fdce9abfec3b"
          >
            <input
              type="text"
              value="Business Inc"
            />
          </div>
        </div>
        <div
          class="MuiBox-root css-8atqhb"
        >
          <div
            data-testid="experience-edit-form-location-0ddc6b92-eca6-472b-8e5f-fdce9abfec3b"
          >
            <input
              type="text"
              value="New York, NY"
            />
          </div>
        </div>
      </div>
      <textarea
        data-testid="form-summary-b1a6b2cd-cfac-46ff-9c35-0298d87def6b"
      />
      <div
        class="MuiBox-root css-70qvj9"
      >
        <p
          class="MuiTypography-root MuiTypography-body1 css-11iibhc-MuiTypography-root"
        >
          <b>
            Top Skills
          </b>
        </p>
        <button
          aria-label="help"
          class="MuiButtonBase-root MuiIconButton-root MuiIconButton-sizeMedium css-1pqe0ky-MuiButtonBase-root-MuiIconButton-root"
          data-mui-internal-clone-element="true"
          data-testid="help-icon-4b757f12-fb67-4a59-94b1-b8a2498a7a49"
          tabindex="0"
          type="button"
        >
          <svg
            aria-hidden="true"
            class="MuiSvgIcon-root MuiSvgIcon-fontSizeMedium css-etbowg-MuiSvgIcon-root"
            data-testid="InfoIcon"
            focusable="false"
            viewBox="0 0 24 24"
          >
            <path
              d="M12 2C6.48 2 2 6.48 2 12s4.48 10 10 10 10-4.48 10-10S17.52 2 12 2m1 15h-2v-6h2zm0-8h-2V7h2z"
            />
          </svg>
          <span
            class="MuiTouchRipple-root css-8je8zh-MuiTouchRipple-root"
          />
        </button>
      </div>
      <div
        class="MuiBox-root css-zefc5s"
        data-testid="experience-edit-form-skills-container-0ddc6b92-eca6-472b-8e5f-fdce9abfec3b"
      >
        <span
          class="MuiBadge-root css-18nnry3-MuiBadge-root"
        >
          <div
            class="MuiButtonBase-root MuiChip-root MuiChip-filled MuiChip-sizeMedium MuiChip-colorDefault MuiChip-clickable MuiChip-clickableColorDefault MuiChip-filledDefault css-1hjtbll-MuiButtonBase-root-MuiChip-root"
            data-testid="experience-edit-form-skill-chip-0ddc6b92-eca6-472b-8e5f-fdce9abfec3b"
            role="button"
            tabindex="0"
          >
            <span
              class="MuiChip-label MuiChip-labelMedium css-1dybbl5-MuiChip-label"
            >
              <div
                class="MuiBox-root css-70qvj9"
              >
                <p
                  class="MuiTypography-root MuiTypography-body1 css-1pp3g1p-MuiTypography-root"
                >
                  Management
                </p>
                <svg
                  aria-hidden="true"
                  class="MuiSvgIcon-root MuiSvgIcon-fontSizeMedium css-13b6f3w-MuiSvgIcon-root"
                  data-testid="experience-edit-form-skill-chip-dropdown-0ddc6b92-eca6-472b-8e5f-fdce9abfec3b"
                  focusable="false"
                  viewBox="0 0 24 24"
                >
                  <path
                    d="m7 10 5 5 5-5z"
                  />
                </svg>
                <svg
                  aria-hidden="true"
                  class="MuiSvgIcon-root MuiSvgIcon-fontSizeSmall css-rhy01h-MuiSvgIcon-root"
                  data-testid="experience-edit-form-skill-chip-delete-icon-0ddc6b92-eca6-472b-8e5f-fdce9abfec3b"
                  focusable="false"
                  viewBox="0 0 24 24"
                >
                  <path
                    d="M6 19c0 1.1.9 2 2 2h8c1.1 0 2-.9 2-2V7H6zM19 4h-3.5l-1-1h-5l-1 1H5v2h14z"
                  />
                </svg>
              </div>
            </span>
            <span
              class="MuiTouchRipple-root css-8je8zh-MuiTouchRipple-root"
            />
          </div>
          <span
            class="MuiBadge-badge MuiBadge-dot MuiBadge-invisible MuiBadge-anchorOriginTopLeft MuiBadge-anchorOriginTopLeftRectangular MuiBadge-overlapRectangular css-1roxe2m-MuiBadge-badge"
          />
        </span>
        <span
          class="MuiBadge-root css-18nnry3-MuiBadge-root"
        >
          <div
            class="MuiButtonBase-root MuiChip-root MuiChip-filled MuiChip-sizeMedium MuiChip-colorDefault MuiChip-clickable MuiChip-clickableColorDefault MuiChip-filledDefault css-1hjtbll-MuiButtonBase-root-MuiChip-root"
            data-testid="experience-edit-form-skill-chip-0ddc6b92-eca6-472b-8e5f-fdce9abfec3b"
            role="button"
            tabindex="0"
          >
            <span
              class="MuiChip-label MuiChip-labelMedium css-1dybbl5-MuiChip-label"
            >
              <div
                class="MuiBox-root css-70qvj9"
              >
                <p
                  class="MuiTypography-root MuiTypography-body1 css-1pp3g1p-MuiTypography-root"
                >
                  Communication
                </p>
                <svg
                  aria-hidden="true"
                  class="MuiSvgIcon-root MuiSvgIcon-fontSizeMedium css-13b6f3w-MuiSvgIcon-root"
                  data-testid="experience-edit-form-skill-chip-dropdown-0ddc6b92-eca6-472b-8e5f-fdce9abfec3b"
                  focusable="false"
                  viewBox="0 0 24 24"
                >
                  <path
                    d="m7 10 5 5 5-5z"
                  />
                </svg>
                <svg
                  aria-hidden="true"
                  class="MuiSvgIcon-root MuiSvgIcon-fontSizeSmall css-rhy01h-MuiSvgIcon-root"
                  data-testid="experience-edit-form-skill-chip-delete-icon-0ddc6b92-eca6-472b-8e5f-fdce9abfec3b"
                  focusable="false"
                  viewBox="0 0 24 24"
                >
                  <path
                    d="M6 19c0 1.1.9 2 2 2h8c1.1 0 2-.9 2-2V7H6zM19 4h-3.5l-1-1h-5l-1 1H5v2h14z"
                  />
                </svg>
              </div>
            </span>
            <span
              class="MuiTouchRipple-root css-8je8zh-MuiTouchRipple-root"
            />
          </div>
          <span
            class="MuiBadge-badge MuiBadge-dot MuiBadge-invisible MuiBadge-anchorOriginTopLeft MuiBadge-anchorOriginTopLeftRectangular MuiBadge-overlapRectangular css-1roxe2m-MuiBadge-badge"
          />
        </span>
        <div
          aria-disabled="true"
          class="MuiButtonBase-root Mui-disabled MuiChip-root MuiChip-filled Mui-disabled MuiChip-sizeMedium MuiChip-colorDefault MuiChip-clickable MuiChip-clickableColorDefault MuiChip-filledDefault css-rmnwll-MuiButtonBase-root-MuiChip-root"
          data-testid="experience-edit-form-add-skill-button-0ddc6b92-eca6-472b-8e5f-fdce9abfec3b"
          role="button"
          tabindex="-1"
        >
          <svg
            aria-hidden="true"
            class="MuiSvgIcon-root MuiSvgIcon-fontSizeMedium MuiChip-icon MuiChip-iconMedium MuiChip-iconColorDefault css-o5kj50-MuiSvgIcon-root"
            data-testid="AddIcon"
            focusable="false"
            viewBox="0 0 24 24"
          >
            <path
              d="M19 13h-6v6h-2v-6H5v-2h6V5h2v6h6z"
            />
          </svg>
          <span
            class="MuiChip-label MuiChip-labelMedium css-1dybbl5-MuiChip-label"
          >
            Add skill
          </span>
        </div>
      </div>
    </div>
  </div>
  <div
    data-testid="b7499b01-8082-4209-8667-c7d559a70caf-menu"
  >
    ;
  </div>
  <div
    data-testid="b7499b01-8082-4209-8667-c7d559a70caf-menu"
  >
    <div
      data-testid="SELF_EMPLOYMENT"
    >
      Self-Employment
    </div>
    <div
      data-testid="FORMAL_SECTOR_WAGED_EMPLOYMENT"
    >
      Salary Work
    </div>
    <div
      data-testid="FORMAL_SECTOR_UNPAID_TRAINEE_WORK"
    >
      Trainee Work
    </div>
    <div
      data-testid="UNSEEN_UNPAID"
    >
      Unpaid Work
    </div>
    ;
  </div>
  <div
    aria-hidden="true"
    class="MuiBackdrop-root css-1mfxwij-MuiBackdrop-root"
    data-testid="backdrop-91b57774-d50c-4350-882d-363f80ac10e8"
    style="opacity: 0; visibility: hidden;"
  >
    <div
      data-testid="sloth-5f51c2ff-74cd-4a23-98b4-0c1f5404d5ee"
      style="position: relative; margin: 0px; padding: 0px;"
    >
      <div
        class="MuiPaper-root MuiPaper-elevation MuiPaper-rounded MuiPaper-elevation24 css-14c64kg-MuiPaper-root"
      >
        <div
          class="MuiGrid-root MuiGrid-container css-15vmx7d-MuiGrid-root"
        >
          <div
            class="MuiGrid-root MuiGrid-item css-13i4rnv-MuiGrid-root"
          >
            <h6
              class="MuiTypography-root MuiTypography-h6 css-odley9-MuiTypography-root"
              data-testid="message-91b57774-d50c-4350-882d-363f80ac10e8"
            >
              Updating experience...
            </h6>
          </div>
          <div
            class="MuiGrid-root MuiGrid-item css-13i4rnv-MuiGrid-root"
            style="line-height: 0;"
          >
            <span
              class="MuiCircularProgress-root MuiCircularProgress-indeterminate MuiCircularProgress-colorPrimary css-1tmrh9l-MuiCircularProgress-root"
              data-testid="progress-91b57774-d50c-4350-882d-363f80ac10e8"
              role="progressbar"
              style="width: 32px; height: 32px;"
            >
              <svg
                class="MuiCircularProgress-svg css-1idz92c-MuiCircularProgress-svg"
                viewBox="22 22 44 44"
              >
                <circle
                  class="MuiCircularProgress-circle MuiCircularProgress-circleIndeterminate css-176wh8e-MuiCircularProgress-circle"
                  cx="44"
                  cy="44"
                  fill="none"
                  r="20.2"
                  stroke-width="3.6"
                />
              </svg>
            </span>
          </div>
        </div>
      </div>
      <div
        class="MuiContainer-root MuiContainer-maxWidthLg css-t4utv2-MuiContainer-root"
      >
        <svg
          overflow="visible"
          style="z-index: 1301; position: absolute; left: 0px;"
          viewBox="0 0 128 176"
          width="64px"
          xmlns="http://www.w3.org/2000/svg"
        >
          
  
          <g
            id="sloth-arm"
            style="fill:rgb(166, 178, 45);fill-opacity:1"
          >
            
    
            <path
              d="m 14.514759,154.02465 c -0.223222,7.54279 1.889033,14.31023 6.003671,20.12666"
              id="path11933"
              style="stroke:#002147;stroke-width:3.43002;stroke-linecap:round;stroke-dasharray:none;stroke-opacity:1"
            />
            
    
            <path
              d="m 18.102994,156.94 c 0.876984,6.63374 3.47077,12.36155 7.569543,17.07907"
              id="path11935"
              style="stroke:#002147;stroke-width:3.43002;stroke-linecap:round;stroke-dasharray:none;stroke-opacity:1"
            />
            
    
            <path
              d="m 22.590384,155.6948 c -0.02644,6.78986 4.860219,11.28627 8.356559,15.96141"
              id="path11937"
              style="stroke:#002147;stroke-width:3.43002;stroke-linecap:round;stroke-dasharray:none;stroke-opacity:1"
            />
            
    
            <path
              d="m 16.155526,92.631962 c -2.397382,14.608358 -5.018547,40.414198 -2.309374,58.794228 1.345636,10.71389 13.390445,3.26402 10.026414,-4.80477 -0.185829,-10.97318 3.22198,-26.38245 9.483242,-35.8906"
              id="path10943"
              style="display:inline;stroke:#002147;stroke-width:4.0018;stroke-linecap:round;stroke-dasharray:none;stroke-opacity:1"
            />
            
  
          </g>
          
  
          <g
            id="sloth-body"
            style="fill:rgb(166, 178, 45);fill-opacity:1"
          >
            
    
            <path
              d="M 90.43732,62.124738 C 80.765159,72.143232 61.675685,73.505359 58.059543,66.476431 56.322681,63.10038 57.085072,48.491863 55.800698,45.613442 51.842764,36.743284 42.253159,33.966119 32.313919,33.185915 30.379026,33.034031 30.27136,32.592447 26.491469,33.096325 l -2.825741,0.376686 C 9.9437551,35.302218 0.26032252,46.069416 2.2065025,59.935389 3.0716644,80.339077 10.912511,102.04229 28.700604,113.58067 c 13.577672,9.16985 30.624678,11.41364 46.669719,10.83986 18.268794,-0.877 37.706797,-9.99707 44.895357,-27.827253 5.42971,-13.34508 6.81554,-28.317784 4.94335,-42.535971 -0.6407,-6.66636 -6.04889,-6.606256 -7.19109,0.300158 -0.57049,3.449516 -4.15524,10.764389 -6.01114,3.299577      "
              id="path356"
              style="stroke:#002147;stroke-width:4;stroke-linecap:round;stroke-linejoin:round;stroke-dasharray:none;stroke-opacity:1"
            />
            
  
          </g>
          
  
          <g
            id="sloth-face"
            style="fill:#EEFF41;fill-opacity:1"
          >
            
    
            <path
              d="m 14.097135,45.06275 c 6.594093,-3.092353 13.024301,4.64989 19.788171,1.505066 5.845188,-3.519947 15.063887,-2.847274 15.553048,5.557662 1.504572,8.883565 -2.696937,20.630621 -12.677006,22.055619 -9.206273,2.426258 -21.888604,0.05935 -25.533835,-9.789371 C 9.7964043,58.277976 8.9129239,49.606375 14.097135,45.06275 Z"
              id="path1068"
              style="stroke:#002147;stroke-width:4.24961;stroke-dasharray:none;stroke-opacity:1"
            />
            
    
            <path
              d="M 25.150328,53.598222 C 19.5057,53.230017 15.33792,56.597843 12.015927,60.78691"
              id="path1076"
              style="stroke:#002147;stroke-width:4.24961;stroke-linecap:round;stroke-dasharray:none;stroke-opacity:1"
            />
            
    
            <path
              d="m 35.397394,53.690084 c 5.301525,0.26916 9.127221,3.370397 12.03295,7.622747"
              id="path1078"
              style="stroke:#002147;stroke-width:4.24961;stroke-linecap:round;stroke-dasharray:none;stroke-opacity:1"
            />
            
    
            <path
              d="m 23.623698,61.785599 c 4.082759,1.95693 8.532002,2.209343 12.661822,0.186749"
              id="path1260"
              style="stroke:#002147;stroke-width:4.24961;stroke-linecap:round;stroke-dasharray:none;stroke-opacity:1"
            />
            
  
          </g>
          
  
          <path
            d="m 90.118843,62.518213 c 0,0 6.483175,-9.799709 7.212019,-16.207953 1.536074,-13.505678 1.472686,-33.390562 -1.085642,-36.8551862 -1.8363,-2.4867984 2.553319,-7.0642704 5.62356,-7.2690653 4.47491,-0.2984939 6.86184,7.7656371 7.13595,12.7506545 0.65157,11.849278 -0.35635,22.14692 0.7275,32.644203 0.45452,4.402105 2.77413,12.15515 2.77413,12.15515"
            id="sloth-leg"
            style="fill:rgb(166, 178, 45);fill-opacity:1;stroke:#002147;stroke-width:4;stroke-linecap:round;stroke-dasharray:none;stroke-opacity:1"
          />
          
  
          <path
            d="m 50.395651,79.193064 c 0,0 13.690628,-15.002471 14.631855,-34.293484 0.435414,-8.924059 2.308685,-21.46904 -0.196491,-30.411566 -0.935496,-3.339364 -8.661263,-2.000533 -8.853989,-5.4631001 -0.203842,-3.662289 5.01835,-6.392621 8.665606,-6.781779 4.579867,-0.488665 10.670019,1.635917 12.433262,6.028249 5.078151,12.6499451 4.629924,21.9263741 5.069182,33.0697121 0.395593,10.035614 6.26e-4,20.251473 -2.206773,30.0493 -1.23259,5.471008 -2.969712,11.280552 -6.082137,15.686572 -6.830033,9.66876 -9.363708,10.642509 -9.363708,10.642509"
            id="sloth-top-arm"
            style="fill:rgb(166, 178, 45);fill-opacity:1;stroke:#002147;stroke-width:4;stroke-linecap:round;stroke-linejoin:round;stroke-dasharray:none;stroke-opacity:1"
          />
          
  
        </svg>
      </div>
    </div>
  </div>
</div>
`;
