// Jest Snapshot v1, https://goo.gl/fbAQLP

exports[`render tests should render a compass chat message footer {
  name: 'with a single child',
  children: [Array],
  expectedTestIds: [Array]
} 1`] = `
<div
  class="MuiBox-root css-1qcd69q"
  data-testid="chat-message-footer-layout-container-7772f20a-9d0c-4072-b24f-97eca2f43d7b"
>
  <div
    class="MuiBox-root css-0"
    data-testid="foo-child-1"
  >
    Child
  </div>
</div>
`;

exports[`render tests should render a compass chat message footer {
  name: 'with multiple children',
  children: [Array],
  expectedTestIds: [Array]
} 1`] = `
<div
  class="MuiBox-root css-1qcd69q"
  data-testid="chat-message-footer-layout-container-7772f20a-9d0c-4072-b24f-97eca2f43d7b"
>
  <div
    class="MuiBox-root css-0"
    data-testid="foo-child-1"
  >
    Child
  </div>
  <div
    class="MuiBox-root css-0"
    data-testid="foo-child-2"
  >
    Child
  </div>
</div>
`;

exports[`render tests should render a compass chat message footer { name: 'without children', children: [], expectedTestIds: [] } 1`] = `
<div
  class="MuiBox-root css-1qcd69q"
  data-testid="chat-message-footer-layout-container-7772f20a-9d0c-4072-b24f-97eca2f43d7b"
/>
`;

exports[`render tests should render a user chat message footer {
  name: 'with a single child',
  children: [Array],
  expectedTestIds: [Array]
} 1`] = `
<div
  class="MuiBox-root css-ltxb9b"
  data-testid="chat-message-footer-layout-container-7772f20a-9d0c-4072-b24f-97eca2f43d7b"
>
  <div
    class="MuiBox-root css-0"
    data-testid="foo-child-1"
  >
    Child
  </div>
</div>
`;

exports[`render tests should render a user chat message footer {
  name: 'with multiple children',
  children: [Array],
  expectedTestIds: [Array]
} 1`] = `
<div
  class="MuiBox-root css-ltxb9b"
  data-testid="chat-message-footer-layout-container-7772f20a-9d0c-4072-b24f-97eca2f43d7b"
>
  <div
    class="MuiBox-root css-0"
    data-testid="foo-child-1"
  >
    Child
  </div>
  <div
    class="MuiBox-root css-0"
    data-testid="foo-child-2"
  >
    Child
  </div>
</div>
`;

exports[`render tests should render a user chat message footer { name: 'without children', children: [], expectedTestIds: [] } 1`] = `
<div
  class="MuiBox-root css-ltxb9b"
  data-testid="chat-message-footer-layout-container-7772f20a-9d0c-4072-b24f-97eca2f43d7b"
/>
`;
