// Jest Snapshot v1, https://goo.gl/fbAQLP

exports[`PrimaryIconButton tests should render the icon button with default props 1`] = `
<button
  class="MuiButtonBase-root MuiIconButton-root MuiIconButton-colorPrimary MuiIconButton-sizeMedium css-3us39j-MuiButtonBase-root-MuiIconButton-root"
  data-testid="test-icon"
  tabindex="0"
  type="button"
>
  <svg
    aria-hidden="true"
    class="MuiSvgIcon-root MuiSvgIcon-fontSizeMedium css-kpsn9l-MuiSvgIcon-root"
    data-testid="CircleOutlinedIcon"
    focusable="false"
    viewBox="0 0 24 24"
  >
    <path
      d="M12 2C6.47 2 2 6.47 2 12s4.47 10 10 10 10-4.47 10-10S17.53 2 12 2m0 18c-4.42 0-8-3.58-8-8s3.58-8 8-8 8 3.58 8 8-3.58 8-8 8"
    />
  </svg>
  <span
    class="MuiTouchRipple-root css-8je8zh-MuiTouchRipple-root"
  />
</button>
`;

exports[`PrimaryIconButton tests should render the icon button with provided icon 1`] = `
<svg
  data-testid="test-icon"
/>
`;
