// Jest Snapshot v1, https://goo.gl/fbAQLP

exports[`Report should render Report correctly 1`] = `
<document
  data-testid="skill-report-container-5a296552-f91f-4c38-b88f-542cacaced8e"
>
  <page
    style="font-family: Inter; display: flex; flex-direction: column; padding-bottom: 100px; color: rgb(0, 0, 0);"
  >
    <view
      data-testid="skill-report-body-5a296552-f91f-4c38-b88f-542cacaced8e"
      style="display: flex; flex-direction: column;"
    >
      <view
        style="display: flex; flex-direction: row; align-items: center; padding-bottom: 18px; padding-top: 32px; gap: 26px;"
      >
        <image
          src="[object Promise]"
          style="height: 46px;"
        />
        <image
          src="[object Promise]"
          style="height: 42px;"
        />
      </view>
      <text
        data-testid="skill-report-title-5a296552-f91f-4c38-b88f-542cacaced8e"
        style="font-size: 16px; padding-bottom: 18px; color: rgb(0, 33, 71); font-family: Inter; font-weight: bold;"
        x="0"
        y="0"
      >
        Skills Report
      </text>
      <view
        style="display: flex; flex-direction: column; justify-content: flex-start; gap: 4px; padding-bottom: 18px;"
      >
        <text
          data-testid="skill-report-name-5a296552-f91f-4c38-b88f-542cacaced8e"
          style="font-size: 14px; font-family: Inter; font-weight: bold;"
          x="0"
          y="0"
        >
          John Doe
        </text>
        <view
          data-testid="skill-report-address-5a296552-f91f-4c38-b88f-542cacaced8e"
          style="display: flex; flex-direction: row; align-items: center; gap: 6px;"
        >
          <view
            style="width: 14px; height: 12px;"
          >
            <image
              src="[object Promise]"
              style="max-width: 100%; max-height: 100%; object-fit: contain;"
            />
          </view>
          <text
            style="font-size: 12px; word-break: break-word;"
            x="0"
            y="0"
          >
            1234 Main St
          </text>
        </view>
        <view
          data-testid="skill-report-phone-5a296552-f91f-4c38-b88f-542cacaced8e"
          style="display: flex; flex-direction: row; align-items: center; gap: 6px;"
        >
          <view
            style="width: 14px; height: 12px;"
          >
            <image
              src="[object Promise]"
              style="max-width: 100%; max-height: 100%; object-fit: contain;"
            />
          </view>
          <text
            style="font-size: 12px; word-break: break-word;"
            x="0"
            y="0"
          >
            1234567890
          </text>
        </view>
        <view
          data-testid="skill-report-email-5a296552-f91f-4c38-b88f-542cacaced8e"
          style="display: flex; flex-direction: row; align-items: center; gap: 6px;"
        >
          <view
            style="width: 14px; height: 12px;"
          >
            <image
              src="[object Promise]"
              style="max-width: 100%; max-height: 100%; object-fit: contain;"
            />
          </view>
          <text
            style="font-size: 12px; word-break: break-word;"
            x="0"
            y="0"
          >
            johndoe@example.com
          </text>
        </view>
      </view>
      <text
        data-testid="skill-report-body-text-5a296552-f91f-4c38-b88f-542cacaced8e"
        style="font-size: 11px; word-break: break-word;"
        x="0"
        y="0"
      >
        This report summarizes the key information gathered during a conversation with Compass on June 01, 2021. Compass is an AI chatbot that assists job-seekers in exploring their skills and experiences. This report presents the candidate’s work experience and the skills identified from each experience. This information can be used to guide job search and highlight their skills when applying for jobs, especially during interviews with potential employers. It can be a good starting point for creating a complete CV.
      </text>
      <view
        style="border: 1px; margin-top: 12px; margin-bottom: 16px;"
      />
      <text
        data-testid="skill-report-experiences-title-5a296552-f91f-4c38-b88f-542cacaced8e"
        style="font-size: 14px; color: rgb(0, 33, 71); font-family: Inter; font-weight: bold;"
        x="0"
        y="0"
      >
        EXPERIENCES
      </text>
      <view
        data-testid="skill-report-experiences-container-5a296552-f91f-4c38-b88f-542cacaced8e"
        style="display: flex; flex-direction: column; padding-top: 16px;"
      >
        <view
          style="display: flex; flex-direction: column; padding-bottom: 10px;"
        >
          <view>
            <view
              style="display: flex; flex-direction: row; align-items: center; margin-bottom: 12px;"
            >
              <image
                src="[object Promise]"
                style="height: 13px; margin-bottom: 2px; margin-right: 8px;"
              />
              <text
                style="font-size: 13px; font-family: Inter; font-weight: bold;"
                x="0"
                y="0"
              >
                Salary Work
              </text>
            </view>
            <view
              data-testid="experiences-content-report-container-e1f12442-9771-4e78-b3c7-77cd3b2172f8"
              style="display: flex; flex-direction: row; align-items: flex-start; margin-bottom: 14px;"
            >
              <view
                style="display: flex; flex-direction: column;"
              >
                <text
                  data-testid="experiences-content-report-experience-title-e1f12442-9771-4e78-b3c7-77cd3b2172f8"
                  style="font-size: 12px; font-family: Inter; font-weight: bold;"
                  x="0"
                  y="0"
                >
                  Project Manager
                </text>
                <view
                  data-testid="experiences-content-report-experience-info-e1f12442-9771-4e78-b3c7-77cd3b2172f8"
                  style="display: flex; flex-direction: row; align-items: center; font-size: 10px;"
                >
                  <text
                    data-testid="experiences-content-report-date-e1f12442-9771-4e78-b3c7-77cd3b2172f8"
                    x="0"
                    y="0"
                  >
                    2022 — Present
                  </text>
                  <text
                    x="0"
                    y="0"
                  >
                    ,
                     
                  </text>
                  <text
                    data-testid="experiences-content-report-company-e1f12442-9771-4e78-b3c7-77cd3b2172f8"
                    x="0"
                    y="0"
                  >
                    Business Inc
                  </text>
                  <text
                    data-testid="experiences-content-report-location-e1f12442-9771-4e78-b3c7-77cd3b2172f8"
                    style="padding-left: 4px; font-family: Inter; font-style: italic;"
                    x="0"
                    y="0"
                  >
                    (New York, NY)
                  </text>
                </view>
                <view>
                  <text
                    style="font-size: 11px; padding-bottom: 4px; font-family: Inter; font-weight: bold;"
                    x="0"
                    y="0"
                  >
                    Top Skills: 
                  </text>
                  <view
                    data-testid="experiences-content-report-skills-e1f12442-9771-4e78-b3c7-77cd3b2172f8"
                    style="display: flex; flex-direction: column; flex-wrap: wrap; align-items: flex-start; gap: 4px;"
                  >
                    <text
                      style="font-size: 10px; color: rgb(33, 31, 29);"
                      x="0"
                      y="0"
                    >
                      • 
                      Management
                    </text>
                    <text
                      style="font-size: 10px; color: rgb(33, 31, 29);"
                      x="0"
                      y="0"
                    >
                      • 
                      Communication
                    </text>
                  </view>
                </view>
              </view>
            </view>
          </view>
        </view>
        <view
          style="display: flex; flex-direction: column; padding-bottom: 10px;"
        >
          <view>
            <view
              style="display: flex; flex-direction: row; align-items: center; margin-bottom: 12px;"
            >
              <image
                src="[object Promise]"
                style="height: 13px; margin-bottom: 2px; margin-right: 8px;"
              />
              <text
                style="font-size: 13px; font-family: Inter; font-weight: bold;"
                x="0"
                y="0"
              >
                Trainee Work
              </text>
            </view>
            <view
              data-testid="experiences-content-report-container-e1f12442-9771-4e78-b3c7-77cd3b2172f8"
              style="display: flex; flex-direction: row; align-items: flex-start; margin-bottom: 14px;"
            >
              <view
                style="display: flex; flex-direction: column;"
              >
                <text
                  data-testid="experiences-content-report-experience-title-e1f12442-9771-4e78-b3c7-77cd3b2172f8"
                  style="font-size: 12px; font-family: Inter; font-weight: bold;"
                  x="0"
                  y="0"
                >
                  Project Manager
                </text>
                <view
                  data-testid="experiences-content-report-experience-info-e1f12442-9771-4e78-b3c7-77cd3b2172f8"
                  style="display: flex; flex-direction: row; align-items: center; font-size: 10px;"
                >
                  <text
                    data-testid="experiences-content-report-date-e1f12442-9771-4e78-b3c7-77cd3b2172f8"
                    x="0"
                    y="0"
                  >
                    2022 — Present
                  </text>
                  <text
                    x="0"
                    y="0"
                  >
                    ,
                     
                  </text>
                  <text
                    data-testid="experiences-content-report-company-e1f12442-9771-4e78-b3c7-77cd3b2172f8"
                    x="0"
                    y="0"
                  >
                    Business Inc
                  </text>
                  <text
                    data-testid="experiences-content-report-location-e1f12442-9771-4e78-b3c7-77cd3b2172f8"
                    style="padding-left: 4px; font-family: Inter; font-style: italic;"
                    x="0"
                    y="0"
                  >
                    (New York, NY)
                  </text>
                </view>
                <view>
                  <text
                    style="font-size: 11px; padding-bottom: 4px; font-family: Inter; font-weight: bold;"
                    x="0"
                    y="0"
                  >
                    Top Skills: 
                  </text>
                  <view
                    data-testid="experiences-content-report-skills-e1f12442-9771-4e78-b3c7-77cd3b2172f8"
                    style="display: flex; flex-direction: column; flex-wrap: wrap; align-items: flex-start; gap: 4px;"
                  >
                    <text
                      style="font-size: 10px; color: rgb(33, 31, 29);"
                      x="0"
                      y="0"
                    >
                      • 
                      Management
                    </text>
                    <text
                      style="font-size: 10px; color: rgb(33, 31, 29);"
                      x="0"
                      y="0"
                    >
                      • 
                      Communication
                    </text>
                  </view>
                </view>
              </view>
            </view>
          </view>
        </view>
      </view>
      <view
        style="display: flex; flex-direction: column;"
      >
        <text
          style="font-size: 16px; padding-bottom: 18px; color: rgb(0, 33, 71); font-family: Inter; font-weight: bold;"
          x="0"
          y="0"
        >
          Skills Description
        </text>
        <text
          style="font-size: 11px; word-break: break-word;"
          x="0"
          y="0"
        >
          Below, you will find a list of the skills discovered during your conversation with Compass, along with their descriptions.
        </text>
        <view
          style="border: 1px; margin-top: 12px; margin-bottom: 20px;"
        />
        <view
          style="display: flex; flex-direction: column; gap: 4px;"
        >
          <text
            style="font-size: 11px; font-family: Inter; font-weight: bold;"
            x="0"
            y="0"
          >
            Communication
          </text>
          <text
            style="font-size: 10px; padding-bottom: 12px;"
            x="0"
            y="0"
          >
            The imparting or exchanging of information or news
          </text>
        </view>
        <view
          style="display: flex; flex-direction: column; gap: 4px;"
        >
          <text
            style="font-size: 11px; font-family: Inter; font-weight: bold;"
            x="0"
            y="0"
          >
            Management
          </text>
          <text
            style="font-size: 10px; padding-bottom: 12px;"
            x="0"
            y="0"
          >
            The process of dealing with or controlling things or people
          </text>
        </view>
      </view>
    </view>
    <view
      style="width: 100%; display: flex; flex-direction: column; padding-bottom: 26px; position: absolute; gap: 16px; bottom: 0px;"
    >
      <view
        style="display: flex; flex-direction: row; padding: 8px; border: 1px;"
      >
        <image
          src="[object Promise]"
          style="width: 12px; height: 12px;"
        />
        <text
          style="display: flex; flex: 1; flex-wrap: wrap; font-size: 9px; color: rgb(67, 71, 78);"
          x="0"
          y="0"
        >
           
          Disclaimer: 
           
          <text
            style="font-size: 9px; color: rgb(0, 0, 0);"
            x="0"
            y="0"
          >
            Listed skills are based on a conversation with the candidate, are not verified or validated by Tabiya, and may be inaccurate. 
             
          </text>
          Information should be checked before use for job search, job interviews, or for creating a CV. To revise this information, speak with Compass again or create a complete CV based on this report.
        </text>
      </view>
    </view>
  </page>
</document>
`;
